******************************************************************************
            TI ARM Clang Linker PC v3.2.0                      
******************************************************************************
>> Linked Thu Jan 16 12:00:54 2025

OUTPUT FILE NAME:   <genev_gGo_LP_CC2652R7_tirtos7_ticlang.out>
ENTRY POINT SYMBOL: "ResetISR"  address: 0002200f


MEMORY CONFIGURATION

         name            origin    length      used     unused   attr    fill
----------------------  --------  ---------  --------  --------  ----  --------
  FLASH                 00000000   000ae000  00029474  00084b8c  R  X
  FLASH_LAST_PAGE       000ae000   00002000  00000058  00001fa8  R  X
  RTOS_SRAM             20000000   0000012c  00000000  0000012c  RW X
  SRAM                  20000fdf   00023021  000045f8  0001ea29  RW X


SEGMENT ALLOCATION MAP

run origin  load origin   length   init length attrs members
----------  ----------- ---------- ----------- ----- -------
00000000    00000000    00025478   00025478    r-x
  00000000    00000000    0000003c   0000003c    r-- .resetVecs
  00000040    00000040    000227c0   000227c0    r-x .text
  00022800    00022800    00002360   00002360    r-- .rodata
  00024b60    00024b60    00000918   00000918    r-- .cinit
00048000    00048000    00004000   00000000    rw-
  00048000    00048000    00004000   00000000    rw- .TI.bound:flashBuf0
000affa8    000affa8    00000058   00000058    r--
  000affa8    000affa8    00000058   00000058    r-- .ccfg
20001810    20001810    00000020   00000000    rw-
  20001810    20001810    00000010   00000000    rw- .TI.bound:dmaUart0RxControlTableEntry
  20001820    20001820    00000010   00000000    rw- .TI.bound:dmaUart0TxControlTableEntry
20001900    20001900    00004085   00000000    rw-
  20001900    20001900    00001b19   00000000    rw- .data
  20003420    20003420    00002565   00000000    rw- .bss
20005a00    20005a00    000000d8   00000000    rw-
  20005a00    20005a00    000000d8   00000000    rw- .ramVecs
20023c00    20023c00    00000400   00000000    rw-
  20023c00    20023c00    00000400   00000000    rw- .stack


SECTION ALLOCATION MAP

 output                                  attributes/
section   page    origin      length       input sections
--------  ----  ----------  ----------   ----------------
.resetVecs 
*          0    00000000    0000003c     
                  00000000    0000003c     ti_sysbios_config.o (.resetVecs)

.cinit     0    00024b60    00000918     
                  00024b60    000008c4     (.cinit..data.load) [load image, compression = lzss]
                  00025424    0000000c     (__TI_handler_table)
                  00025430    00000008     (.cinit..TI.bound:dmaUart0RxControlTableEntry.load) [load image, compression = zero_init]
                  00025438    00000008     (.cinit..TI.bound:dmaUart0TxControlTableEntry.load) [load image, compression = zero_init]
                  00025440    00000008     (.cinit..bss.load) [load image, compression = zero_init]
                  00025448    00000008     (.cinit..ramVecs.load) [load image, compression = zero_init]
                  00025450    00000028     (__TI_cinit_table)

.init_array 
*          0    00000000    00000000     UNINITIALIZED

.ccfg      0    000affa8    00000058     
                  000affa8    00000058     ti_devices_config.o (.ccfg)

.data      0    20001900    00001b19     UNINITIALIZED
                  20001900    00000310     controller_profile.o (.data.ControllerAttrTbl)
                  20001c10    000001d0     dashboard_profile.o (.data.DashboardAttrTbl)
                  20001de0    00000174     drivers_cc26x2x7.a : PowerCC26X2.c.obj (.data.PowerCC26X2_module)
                  20001f54    00000164     led_display.o (.data.functionTable)
                  200020b8    00000150     battery_profile.o (.data.BatteryAttrTbl)
                  20002208    000000f4     StackWrapper.a : gapbondmgr.o (.data)
                  200022fc    000000b0     OneLib.a : gapgattserver.o (.data)
                  200023ac    00000090     devinfoservice.o (.data.devInfoAttrTbl)
                  2000243c    00000080     snv_internal.o (.data.UDBuffer)
                  200024bc    00000080     simple_peripheral.o (.data.snv_internal_80)
                  2000253c    0000007e     data_analytics.o (.data..L_MergedGlobals.1)
                  200025ba    0000007e     data_analytics.o (.data..L_MergedGlobals.2)
                  20002638    0000007c     ti_drivers_config.o (.data.gpioPinConfigs)
                  200026b4    00000070     simple_peripheral.o (.data..L_MergedGlobals.10)
                  20002724    0000006c     OneLib.a : ll_config.o (.data)
                  20002790    00000068     rf_multiMode_cc26x2.a : RFCC26X2_multiMode.c.cc26x2.ticlang.o (.data..L_MergedGlobals.1)
                  200027f8    00000068     ti_sysbios_config.o (.data..L_MergedGlobals.71)
                  20002860    00000068     ti_sysbios_config.o (.data..L_MergedGlobals)
                  200028c8    00000068     ti_sysbios_config.o (.data.ti_sysbios_knl_Clock_Module_state)
                  20002930    00000064     rf_multiMode_cc26x2.a : RFCC26X2_multiMode.c.cc26x2.ticlang.o (.data..L_MergedGlobals.3)
                  20002994    0000005b     data_analytics.o (.data..L_MergedGlobals)
                  200029ef    00000001     drivers_cc26x2x7.a : AESCTRCC26XX.c.obj (.data.AESCTR_isInitialized)
                  200029f0    00000058     rf_multiMode_cc26x2.a : RFCC26X2_multiMode.c.cc26x2.ticlang.o (.data..L_MergedGlobals.2)
                  20002a48    00000058     ti_radio_config.o (.data.pOverrides_bleCommon)
                  20002aa0    00000054     devinfoservice.o (.data..L_MergedGlobals)
                  20002af4    00000050     ti_radio_config.o (.data.txPowerTable_2400_pa5)
                  20002b44    00000040     UDHAL_I2C.o (.data..L_MergedGlobals)
                  20002b84    00000040     OneLib.a : gattservapp.o (.data)
                  20002bc4    00000040              : sm_pairing.o (.data)
                  20002c04    0000003c     icall.o (.data..L_MergedGlobals.1)
                  20002c40    0000003c     icall_user_config.o (.data.nvintfFncStruct)
                  20002c7c    0000003c     ti_sysbios_config.o (.data.ti_sysbios_knl_Task_Module_state)
                  20002cb8    00000038     drivers_cc26x2x7.a : TRNGCC26XX.c.obj (.data..L_MergedGlobals.1)
                  20002cf0    00000030     controller_profile.o (.data..L_MergedGlobals.1)
                  20002d20    00000030     drivers_cc26x2x7.a : TRNGCC26XX.c.obj (.data..L_MergedGlobals)
                  20002d50    00000030     motor_control.o (.data..L_MergedGlobals)
                  20002d80    0000002c     UDHAL_UART.o (.data..L_MergedGlobals)
                  20002dac    0000002c     data_analytics.o (.data.ADArray)
                  20002dd8    00000028     nvocmp.o (.data..L_MergedGlobals.1)
                  20002e00    00000024     ble_user_config.o (.data.eccParams_NISTP256)
                  20002e24    00000024     ti_radio_config.o (.data.pOverrides_ble2Mbps)
                  20002e48    00000020     ESCOOTER_BOOT.o (.data..L_MergedGlobals)
                  20002e68    00000020     UDHAL_Timer2.o (.data..L_MergedGlobals)
                  20002e88    00000020     controller_profile.o (.data..L_MergedGlobals)
                  20002ea8    0000001c     dashboard_profile.o (.data..L_MergedGlobals.1)
                  20002ec4    0000001c     UDHAL_Timer3.o (.data..L_MergedGlobals)
                  20002ee0    0000001c     brake_and_throttle.o (.data..L_MergedGlobals)
                  20002efc    0000001c     simple_peripheral.o (.data..L_MergedGlobals)
                  20002f18    0000001c     veml6030.o (.data..L_MergedGlobals)
                  20002f34    0000001c     ti_ble_config.o (.data.advParams1)
                  20002f50    00000019     ti_ble_config.o (.data.scanResData1)
                  20002f69    00000003     UDHAL_GPIO.o (.data..L_MergedGlobals)
                  20002f6c    00000018     multi_purpose_button.o (.data..L_MergedGlobals.1)
                  20002f84    00000018     ALS_control.o (.data..L_MergedGlobals)
                  20002f9c    00000018     ti_radio_config.o (.data.pOverrides_ble1Mbps)
                  20002fb4    00000015     ti_ble_config.o (.data.attDeviceName)
                  20002fc9    00000002     STM32MCP.o (.data.STM32MCP_regBusVoltageVal)
                  20002fcb    00000001     battery_profile.o (.data.Battery_Battery_Error_CodeProps)
                  20002fcc    00000014     battery_profile.o (.data..L_MergedGlobals.1)
                  20002fe0    00000014     STM32MCP.o (.data..L_MergedGlobals)
                  20002ff4    00000014     general_purpose_timer.o (.data..L_MergedGlobals)
                  20003008    00000014     main.o (.data..L_MergedGlobals)
                  2000301c    00000014     power_on_time.o (.data..L_MergedGlobals)
                  20003030    00000014     StackWrapper.a : osal.o (.data)
                  20003044    00000012     brake_and_throttle.o (.data..L_MergedGlobals.1)
                  20003056    00000011     battery_profile.o (.data.Battery_Battery_ErrorUserDesp)
                  20003067    00000011     battery_profile.o (.data.Battery_Battery_LevelUserDesp)
                  20003078    00000011     battery_profile.o (.data.Battery_Battery_StatusUserDesp)
                  20003089    00000011     battery_profile.o (.data.Battery_Battery_TemperatureUserDesp)
                  2000309a    00000011     battery_profile.o (.data.Battery_Battery_VoltageUserDesp)
                  200030ab    00000011     controller_profile.o (.data.Controller_Error_CodeUserDesp)
                  200030bc    00000011     controller_profile.o (.data.Controller_Heat_Sink_TemperatureUserDesp)
                  200030cd    00000011     controller_profile.o (.data.Controller_Instant_EconomyUserDesp)
                  200030de    00000011     controller_profile.o (.data.Controller_Motor_RPMUserDesp)
                  200030ef    00000011     controller_profile.o (.data.Controller_Motor_SpeedUserDesp)
                  20003100    00000011     controller_profile.o (.data.Controller_Motor_TemperatureUserDesp)
                  20003111    00000011     controller_profile.o (.data.Controller_Overall_EfficiencyUserDesp)
                  20003122    00000011     controller_profile.o (.data.Controller_RangeUserDesp)
                  20003133    00000011     controller_profile.o (.data.Controller_Total_Distance_TravelledUserDesp)
                  20003144    00000011     controller_profile.o (.data.Controller_Total_Energy_ConsumptionUserDesp)
                  20003155    00000011     controller_profile.o (.data.Controller_VoltageUserDesp)
                  20003166    00000011     controller_profile.o (.data.Controller_co2SavedUserDesp)
                  20003177    00000011     dashboard_profile.o (.data.Dashboard_ADCounterUserDesp)
                  20003188    00000011     dashboard_profile.o (.data.Dashboard_Device_UpTimeUserDesp)
                  20003199    00000011     dashboard_profile.o (.data.Dashboard_Error_CodeUserDesp)
                  200031aa    00000011     dashboard_profile.o (.data.Dashboard_Light_ModeUserDesp)
                  200031bb    00000011     dashboard_profile.o (.data.Dashboard_Light_StatusUserDesp)
                  200031cc    00000011     dashboard_profile.o (.data.Dashboard_Power_On_TimeUserDesp)
                  200031dd    00000011     dashboard_profile.o (.data.Dashboard_Speed_ModeUserDesp)
                  200031ee    00000002     STM32MCP.o (.data.STM32MCP_regFluxReferenceVal)
                  200031f0    00000010     data_analytics.o (.data..L_MergedGlobals.3)
                  20003200    00000010     UDHAL_PWM.o (.data..L_MergedGlobals)
                  20003210    00000010     dashboard_profile.o (.data..L_MergedGlobals)
                  20003220    00000010     driverlib.lib : osc.c.obj (.data..L_MergedGlobals)
                  20003230    00000010     icall.o (.data..L_MergedGlobals)
                  20003240    00000010     ti_radio_config.o (.data.RF_modeBle)
                  20003250    00000010     UDHAL_UART.o (.data.STM32MCP_uartManager)
                  20003260    00000010     driverlib.lib : osc.c.obj (.data._hposcCoeffs)
                  20003270    00000010     ti_ble_config.o (.data.advData1)
                  20003280    00000010     icall_user_config.o (.data.bleAppServiceInfoTable)
                  20003290    00000010     ti_radio_config.o (.data.pOverrides_bleCoded)
                  200032a0    00000010     OneLib.a : gattservapp.o (.data)
                  200032b0    00000010              : ll_data.o (.data)
                  200032c0    0000000f     ti_ble_config.o (.data..L_MergedGlobals)
                  200032cf    00000001     battery_profile.o (.data.Battery_Battery_LevelProps)
                  200032d0    0000000c     general_purpose_timer.o (.data..L_MergedGlobals.1)
                  200032dc    0000000c     drivers_cc26x2x7.a : NVSCC26XX.c.obj (.data..L_MergedGlobals)
                  200032e8    0000000c     UDHAL_Timer3.o (.data.mpb_timer)
                  200032f4    0000000c     profile_charVal.o (.data.profileCharVal)
                  20003300    0000000c     UDHAL_Timer2.o (.data.timer2)
                  2000330c    00000008     icall_cc2650.o (.data..L_MergedGlobals)
                  20003314    00000008     multi_purpose_button.o (.data..L_MergedGlobals)
                  2000331c    00000008     rf_multiMode_cc26x2.a : RFCC26X2_multiMode.c.cc26x2.ticlang.o (.data..L_MergedGlobals)
                  20003324    00000008                           : RFCC26X2_multiMode.c.cc26x2.ticlang.o (.data.RFCC26XX_schedulerPolicy)
                  2000332c    00000008     ti_sysbios_config.o (.data.ti_sysbios_gates_GateMutexPri_Module_state)
                  20003334    00000008     ti_sysbios_config.o (.data.ti_sysbios_heaps_HeapCallback_Module_state)
                  2000333c    00000008     ti_sysbios_config.o (.data.ti_sysbios_knl_Event_state)
                  20003344    00000008     ti_sysbios_config.o (.data.ti_sysbios_knl_Semaphore_Module_state)
                  2000334c    00000008     OneLib.a : gapgattserver.o (.data)
                  20003354    00000008     StackWrapper.a : gapbondmgr.o (.data)
                  2000335c    00000006     battery_profile.o (.data..L_MergedGlobals)
                  20003362    00000006     buzzer.o (.data..L_MergedGlobals)
                  20003368    00000006     ti_ble_config.o (.data.pRandomAddress)
                  2000336e    00000006     simple_peripheral.o (.data.rpa)
                  20003374    00000005     led_display.o (.data..L_MergedGlobals)
                  20003379    00000005     lights.o (.data..L_MergedGlobals)
                  2000337e    00000004     periodic_communication.o (.data..L_MergedGlobals)
                  20003382    00000002     STM32MCP.o (.data.STM32MCP_regHeatSinkTemperatureVal)
                  20003384    00000004     icall.o (.data.ICall_dispatcher)
                  20003388    00000004     drivers_cc26x2x7.a : PowerCC26X2.c.obj (.data.PowerCC26X2_rtcSubSecInc)
                  2000338c    00000004     rf_multiMode_cc26x2.a : RFCC26X2_multiMode.c.cc26x2.ticlang.o (.data.RF_fsmActiveState.lfClockSourceLast)
                  20003390    00000004     STM32MCP.o (.data.STM32MCP_regFlagsVal)
                  20003394    00000004     STM32MCP.o (.data.STM32MCP_regSpeedMeasuredVal)
                  20003398    00000004     libc.a : aeabi_portable.c.obj (.data.__aeabi_errno)
                  2000339c    00000004            : _lock.c.obj (.data._lock)
                  200033a0    00000004            : _lock.c.obj (.data._unlock)
                  200033a4    00000004     ble_user_config.o (.data.appAssertCback)
                  200033a8    00000004     ble_user_config_stack.o (.data.icallServiceTblPtr)
                  200033ac    00000004     dashboard_profile.o (.data.pAppCBs)
                  200033b0    00000004     icall_api_lite.o (.data.pRfErrCb)
                  200033b4    00000004     icall_api_lite.o (.data.pfnBMAlloc)
                  200033b8    00000004     icall_api_lite.o (.data.pfnBMFree)
                  200033bc    00000004     OneLib.a : ll_slave_end_causes.o (.data)
                  200033c0    00000004     StackWrapper.a : hal_assert.o (.data)
                  200033c4    00000002     STM32MCP.o (.data.STM32MCP_regMotorPowerVal)
                  200033c6    00000002     STM32MCP.o (.data.STM32MCP_regSpeedKP)
                  200033c8    00000002     STM32MCP.o (.data.STM32MCP_regTorqueReferenceVal)
                  200033ca    00000002     drivers_cc26x2x7.a : ADCCC26XX.c.obj (.data.adcInstance)
                  200033cc    00000002     ble_user_config.o (.data.bleUserCfg_maxPduSize)
                  200033ce    00000002     periodic_communication.o (.data.xrpm)
                  200033d0    00000002     OneLib.a : ll.o (.data)
                  200033d2    00000002              : ll_config.o (.data)
                  200033d4    00000002     StackWrapper.a : osal_cbtimer.o (.data)
                  200033d6    00000001     battery_profile.o (.data.Battery_Battery_StatusProps)
                  200033d7    00000001     battery_profile.o (.data.Battery_Battery_TemperatureProps)
                  200033d8    00000001     battery_profile.o (.data.Battery_Battery_VoltageProps)
                  200033d9    00000001     controller_profile.o (.data.Controller_Error_CodeProps)
                  200033da    00000001     controller_profile.o (.data.Controller_Heat_Sink_TemperatureProps)
                  200033db    00000001     controller_profile.o (.data.Controller_Instant_EconomyProps)
                  200033dc    00000001     controller_profile.o (.data.Controller_Motor_RPM_Props)
                  200033dd    00000001     controller_profile.o (.data.Controller_Motor_SpeedProps)
                  200033de    00000001     controller_profile.o (.data.Controller_Motor_TemperatureProps)
                  200033df    00000001     controller_profile.o (.data.Controller_Overall_EfficiencyProps)
                  200033e0    00000001     controller_profile.o (.data.Controller_RangeProps)
                  200033e1    00000001     controller_profile.o (.data.Controller_Total_Distance_TravelledProps)
                  200033e2    00000001     controller_profile.o (.data.Controller_Total_Energy_ConsumptionProps)
                  200033e3    00000001     controller_profile.o (.data.Controller_VoltageProps)
                  200033e4    00000001     controller_profile.o (.data.Controller_co2SavedProps)
                  200033e5    00000001     dashboard_profile.o (.data.Dashboard_ADCounterProps)
                  200033e6    00000001     dashboard_profile.o (.data.Dashboard_Device_UpTimeProps)
                  200033e7    00000001     dashboard_profile.o (.data.Dashboard_Error_CodeProps)
                  200033e8    00000001     dashboard_profile.o (.data.Dashboard_Light_ModeProps)
                  200033e9    00000001     dashboard_profile.o (.data.Dashboard_Light_StatusProps)
                  200033ea    00000001     dashboard_profile.o (.data.Dashboard_Power_On_TimeProps)
                  200033eb    00000001     dashboard_profile.o (.data.Dashboard_Speed_ModeProps)
                  200033ec    00000001     nvocmp.o (.data.NVOCMP_failF)
                  200033ed    00000001     drivers_cc26x2x7.a : PKAResourceCC26XX.c.obj (.data.PKAResourceCC26XX_pollingFlag)
                  200033ee    00000001     STM32MCP.o (.data.STM32MCP_regControlModeVal)
                  200033ef    00000001     STM32MCP.o (.data.STM32MCP_regStatusVal)
                  200033f0    00000001     STM32MCP.o (.data.STM32MCP_regTargetMotorVal)
                  200033f1    00000001     UDHAL_ADC.o (.data.adc_brake_status)
                  200033f2    00000001     UDHAL_ADC.o (.data.adc_convert_status)
                  200033f3    00000001     UDHAL_ADC.o (.data.adc_throttle_status)
                  200033f4    00000001     rf_multiMode_cc26x2.a : rf_patch_cpe_bt5.c.cc26x2.ticlang.o (.data.bBt5PatchEntered)
                  200033f5    00000001     ESCOOTER_BOOT.o (.data.bootReady)
                  200033f6    00000001     buzzer.o (.data.buzzerStart)
                  200033f7    00000001     devinfoservice.o (.data.devInfoFirmwareRevProps)
                  200033f8    00000001     devinfoservice.o (.data.devInfoMfrNameProps)
                  200033f9    00000001     devinfoservice.o (.data.devInfoModelNumberProps)
                  200033fa    00000001     devinfoservice.o (.data.devInfoSerialNumberProps)
                  200033fb    00000001     ESCOOTER_BOOT.o (.data.howToBoot)
                  200033fc    00000001     drivers_cc26x2x7.a : GPIOCC26X2.c.obj (.data.initCalled)
                  200033fd    00000001                        : ADC.c.obj (.data.isInitialized)
                  200033fe    00000001                        : AESCCMCC26XX.c.obj (.data.isInitialized)
                  200033ff    00000001                        : AESCTRDRBGXX.c.obj (.data.isInitialized)
                  20003400    00000001                        : AESECBCC26XX.c.obj (.data.isInitialized)
                  20003401    00000001                        : CryptoResourceCC26XX.c.obj (.data.isInitialized)
                  20003402    00000001                        : ECDHCC26X2.c.obj (.data.isInitialized)
                  20003403    00000001                        : NVS.c.obj (.data.isInitialized)
                  20003404    00000001                        : PKAResourceCC26XX.c.obj (.data.isInitialized)
                  20003405    00000001                        : PWM.c.obj (.data.isInitialized)
                  20003406    00000001     STM32MCP.o (.data.node)
                  20003407    00000001     UDHAL_Timer3.o (.data.timer3_count)
                  20003408    00000001     UDHAL_UART.o (.data.uartOpenStatus)
                  20003409    00000001     OneLib.a : gapgattserver.o (.data)
                  2000340a    00000001              : gapgattserver.o (.data)
                  2000340b    00000001              : gapgattserver.o (.data)
                  2000340c    00000001              : gapgattserver.o (.data)
                  2000340d    00000001              : gapgattserver.o (.data)
                  2000340e    00000001              : gapgattserver.o (.data)
                  2000340f    00000001              : gattservapp.o (.data)
                  20003410    00000001              : gattservapp.o (.data)
                  20003411    00000001              : ll.o (.data)
                  20003412    00000001              : ll_ae.o (.data)
                  20003413    00000001              : ll_data.o (.data)
                  20003414    00000001              : ll_scheduler.o (.data)
                  20003415    00000001              : sm_task.o (.data)
                  20003416    00000001     StackWrapper.a : gap.o (.data)
                  20003417    00000001                    : gap.o (.data)
                  20003418    00000001                    : hal_assert.o (.data)

.bss       0    20003420    00002565     UNINITIALIZED
                  20003420    00000400     (.common:gptTaskStack)
                  20003820    00000400     (.common:spTaskStack)
                  20003c20    00000300     (.common:ti_sysbios_knl_Idle_taskStack)
                  20003f20    000002c0     rf_multiMode_cc26x2.a : RFCC26X2_multiMode.c.cc26x2.ticlang.o (.bss.RF_cmdPool)
                  200041e0    00000200     (.common:mpbTaskStack)
                  200043e0    00000200     (.common:potTaskStack)
                  200045e0    00000170     (.common:uart2CC26X2Objects)
                  20004750    00000140     (.common:i2cCC26xxObjects)
                  20004890    00000100     OneLib.a : ll.o (.bss)
                  20004990    000000e4     (.common:gptimerCC26XXObjects)
                  20004a74    000000d8     (.common:ti_sysbios_family_arm_m3_Hwi_dispatchTable)
                  20004b4c    000000a4     (.common:aesctrdrbgXXObjects)
                  20004bf0    00000084     (.common:trngCC26XXObjects)
                  20004c74    0000007c     (.common:gpioCallbackFunctions)
                  20004cf0    0000007c     (.common:gpioUserArgs)
                  20004d6c    00000078     StackWrapper.a : osal_cbtimer.o (.bss)
                  20004de4    00000004     led_display.o (.bss.led_display_ledDisplayManager)
                  20004de8    00000068     rf_multiMode_cc26x2.a : RFCC26X2_multiMode.c.cc26x2.ticlang.o (.bss.RF_ratModule)
                  20004e50    00000060     (.common:pwmTimerCC26XXObjects)
                  20004eb0    00000060     (.common:ti_sysbios_knl_ClockSupport_timerStruct)
                  20004f10    00000058     (.common:gptTask)
                  20004f68    00000058     (.common:mpbTask)
                  20004fc0    00000058     (.common:potTask)
                  20005018    00000058     (.common:spTask)
                  20005070    00000058     (.common:ti_sysbios_knl_Idle_taskStruct)
                  200050c8    00000050     drivers_cc26x2x7.a : ADCCC26XX.c.obj (.bss.adcSemaphore)
                  20005118    00000050     (.common:CryptoResourceCC26XX_accessSemaphore)
                  20005168    00000050     (.common:CryptoResourceCC26XX_operationSemaphore)
                  200051b8    00000050     (.common:PKAResourceCC26XX_accessSemaphore)
                  20005208    00000050     (.common:PKAResourceCC26XX_operationSemaphore)
                  20005258    00000048     icall.o (.bss.ICall_entities)
                  200052a0    00000044     rf_multiMode_cc26x2.a : RFCC26X2_multiMode.c.cc26x2.ticlang.o (.bss.RF_clkInactivityObj)
                  200052e4    00000044                           : RFCC26X2_multiMode.c.cc26x2.ticlang.o (.bss.RF_clkPowerUpObj)
                  20005328    0000003c                           : RFCC26X2_multiMode.c.cc26x2.ticlang.o (.bss.RF_swiHwObj)
                  20005364    0000003c     StackWrapper.a : osal_snv_wrapper.o (.bss)
                  200053a0    00000030     (.common:CCVArray)
                  200053d0    00000030     (.common:ti_sysbios_knl_Swi_readyQs)
                  20005400    00000030     (.common:ti_sysbios_knl_Task_readyQs)
                  20005430    0000002e     (.common:NVOCMP_nvHandle)
                  2000545e    00000002     OneLib.a : gapgattserver.o (.bss)
                  20005460    00000028     (.common:aesecbCC26XXObjects)
                  20005488    00000024     simple_peripheral.o (.bss.clkRpaRead)
                  200054ac    00000024     ti_sysbios_config.o (.bss.clockStruct)
                  200054d0    00000024     OneLib.a : ll.o (.bss)
                  200054f4    00000020     ti_drivers_config.o (.bss.uart2RxRingBuffer0)
                  20005514    00000020     ti_drivers_config.o (.bss.uart2TxRingBuffer0)
                  20005534    00000020     OneLib.a : gattservapp.o (.bss)
                  20005554    00000020     StackWrapper.a : gapbondmgr.o (.bss)
                  20005574    00000020                    : gapbondmgr.o (.bss)
                  20005594    00000020     (.common:ecdhCC26X2Objects)
                  200055b4    00000020     (.common:ti_sysbios_runtime_System_atexitHandlers)
                  200055d4    00000020     (.common:udmaCC26XXObject)
                  200055f4    0000001c     drivers_cc26x2x7.a : GPIOCC26X2.c.obj (.bss.gpioHwi)
                  20005610    0000001c     (.common:BIOS_heapCallbackObject)
                  2000562c    0000001c     (.common:BIOS_rtsGate)
                  20005648    0000001c     (.common:CryptoResourceCC26XX_hwi)
                  20005664    0000001c     (.common:DCVArray)
                  20005680    0000001c     (.common:PKAResourceCC26XX_hwi)
                  2000569c    00000018     OneLib.a : gapgattserver.o (.bss)
                  200056b4    00000018     (.common:aesccmCC26XXObjects)
                  200056cc    00000018     (.common:params_buzzer)
                  200056e4    00000018     (.common:params_headlight)
                  200056fc    00000014     drivers_cc26x2x7.a : Random.c.obj (.bss.state)
                  20005710    00000014     (.common:BCVArray)
                  20005724    00000014     (.common:powerNotifyObj)
                  20005738    00000014     (.common:ti_sysbios_hal_Seconds_Module_state)
                  2000574c    00000010     (.common:i2cParams)
                  2000575c    0000000c     OneLib.a : ll.o (.bss)
                  20005768    0000000c              : ll.o (.bss)
                  20005774    0000000c              : ll_scheduler.o (.bss)
                  20005780    00000008              : ll.o (.bss)
                  20005788    00000008              : ll.o (.bss)
                  20005790    00000008              : ll_ae.o (.bss)
                  20005798    00000008     StackWrapper.a : gapbondmgr.o (.bss)
                  200057a0    00000008     (.common:params_brake)
                  200057a8    00000008     (.common:params_throttle)
                  200057b0    00000006     (.common:RPM_array)
                  200057b6    00000006     (.common:throttleADCSamples)
                  200057bc    00000005     (.common:UDHAL_sysFatalError)
                  200057c1    00000003     (.common:writeBuffer)
                  200057c4    00000004     data_analytics.o (.bss.lenConvFactorDash)
                  200057c8    00000004     snv_internal.o (.bss.ptrReadBuffer)
                  200057cc    00000004     buzzer.o (.bss.ptr_buzzer_buzzerStatus)
                  200057d0    00000004     lights.o (.bss.ptr_charVal)
                  200057d4    00000004     data_analytics.o (.bss.ptr_da_POWER_ON)
                  200057d8    00000004     data_analytics.o (.bss.ptr_da_charVal)
                  200057dc    00000004     periodic_communication.o (.bss.ptr_systemFatalError)
                  200057e0    00000004     drivers_cc26x2x7.a : ECDHCC26X2.c.obj (.bss.resultPKAMemAddr)
                  200057e4    00000004     multi_purpose_button.o (.bss.timerPeriod)
                  200057e8    00000004     veml6030.o (.bss.veml6030_ALSManager)
                  200057ec    00000004     OneLib.a : gapgattserver.o (.bss)
                  200057f0    00000004              : gatt_client.o (.bss)
                  200057f4    00000004              : gattservapp.o (.bss)
                  200057f8    00000004              : linkdb.o (.bss)
                  200057fc    00000004              : linkdb.o (.bss)
                  20005800    00000004              : ll.o (.bss)
                  20005804    00000004              : ll.o (.bss)
                  20005808    00000004              : ll.o (.bss)
                  2000580c    00000004              : ll.o (.bss)
                  20005810    00000004              : ll.o (.bss)
                  20005814    00000004              : ll_ae.o (.bss)
                  20005818    00000004              : ll_common.o (.bss)
                  2000581c    00000004              : ll_enc.o (.bss)
                  20005820    00000004              : ll_privacy.o (.bss)
                  20005824    00000004              : ll_scheduler.o (.bss)
                  20005828    00000004     StackWrapper.a : gapbondmgr.o (.bss)
                  2000582c    00000004                    : gapbondmgr.o (.bss)
                  20005830    00000004                    : osal.o (.bss)
                  20005834    00000004                    : osal.o (.bss)
                  20005838    00000004                    : osal.o (.bss)
                  2000583c    00000004                    : osal.o (.bss)
                  20005840    00000004                    : osal.o (.bss)
                  20005844    00000004                    : osal.o (.bss)
                  20005848    00000004                    : osal_bufmgr.o (.bss)
                  2000584c    00000004                    : osal_bufmgr.o (.bss)
                  20005850    00000004                    : osal_clock.o (.bss)
                  20005854    00000004                    : osal_clock.o (.bss)
                  20005858    00000004                    : osal_timers.o (.bss)
                  2000585c    00000004                    : osal_timers.o (.bss)
                  20005860    00000004                    : osal_timers.o (.bss)
                  20005864    00000004     (.common:HEAPMGR_SIZE)
                  20005868    00000004     (.common:PowerCC26XX_swiKey)
                  2000586c    00000004     (.common:PowerCC26XX_taskKey)
                  20005870    00000004     (.common:adcCC26xxObjects)
                  20005874    00000004     (.common:adcValues)
                  20005878    00000004     (.common:adc_brake)
                  2000587c    00000004     (.common:adc_throttle)
                  20005880    00000004     (.common:co2Saved_g)
                  20005884    00000004     (.common:deltaMileage_dm)
                  20005888    00000004     (.common:deltaPowerConsumption_mWh)
                  2000588c    00000004     (.common:mpb_timerManager)
                  20005890    00000004     (.common:ptr_MCUDArray)
                  20005894    00000004     (.common:ptr_adcValues)
                  20005898    00000004     (.common:ptr_bat_ADArray)
                  2000589c    00000004     (.common:ptr_bat_MCUDArray)
                  200058a0    00000004     (.common:ptr_bat_STM32MCPDArray)
                  200058a4    00000004     (.common:ptr_bat_errorPriority)
                  200058a8    00000004     (.common:ptr_bat_profileCharVal)
                  200058ac    00000004     (.common:ptr_buzzer_errorPriority)
                  200058b0    00000004     (.common:ptr_da_profileCharVal)
                  200058b4    00000004     (.common:ptr_gpt_advertiseFlag)
                  200058b8    00000004     (.common:ptr_gpt_opcode)
                  200058bc    00000004     (.common:ptr_led_advertiseFlag)
                  200058c0    00000004     (.common:ptr_led_opcode)
                  200058c4    00000004     (.common:ptr_lights_STM32MCPDArray)
                  200058c8    00000004     (.common:ptr_lights_flagb)
                  200058cc    00000004     (.common:ptr_lights_profileCharVal)
                  200058d0    00000004     (.common:ptr_pc_MCUDArray)
                  200058d4    00000004     (.common:ptr_pot_charVal)
                  200058d8    00000004     (.common:ptr_pot_initComplete_flag)
                  200058dc    00000004     (.common:ptr_pot_powerOn)
                  200058e0    00000004     (.common:ptr_pot_profileCharVal)
                  200058e4    00000004     (.common:ptr_snvWriteFlag)
                  200058e8    00000004     (.common:ptr_sp_POWER_ON)
                  200058ec    00000004     (.common:ptr_sp_profileCharVal)
                  200058f0    00000004     (.common:pwmBUZduty)
                  200058f4    00000004     (.common:pwmHLduty)
                  200058f8    00000004     (.common:resetUDDataCounter)
                  200058fc    00000004     (.common:resolution)
                  20005900    00000004     (.common:sumDeltaMileage_dm)
                  20005904    00000004     (.common:sumDeltaPowerConsumed_mWh)
                  20005908    00000004     (.common:tasksEvents)
                  2000590c    00000004     (.common:ti_sysbios_family_arm_cc26xx_TimestampProvider_Module_state)
                  20005910    00000004     (.common:ti_sysbios_knl_Task_defaultStackHeap)
                  20005914    00000004     (.common:totalMileage0_dm)
                  20005918    00000004     (.common:totalMileagePrev_dm)
                  2000591c    00000004     (.common:totalPowerConsumed0_mWh)
                  20005920    00000004     (.common:totalPowerConsumedPrev_mWh)
                  20005924    00000002     OneLib.a : ll.o (.bss)
                  20005926    00000002              : ll_slave_end_causes.o (.bss)
                  20005928    00000002     StackWrapper.a : osal_pwrmgr.o (.bss)
                  2000592a    00000002     (.common:Hightreshold)
                  2000592c    00000002     (.common:IQ_input)
                  2000592e    00000002     (.common:Lowtreshold)
                  20005930    00000002     (.common:RPM_prev)
                  20005932    00000002     (.common:RPM_temp)
                  20005934    00000002     (.common:allowableRPM)
                  20005936    00000002     (.common:avgPhaseCurrent_mA)
                  20005938    00000002     (.common:avgPhaseVoltage_mV)
                  2000593a    00000002     (.common:brakePercent)
                  2000593c    00000002     (.common:lights_PWMDuty)
                  2000593e    00000002     (.common:payloadVoltage)
                  20005940    00000002     (.common:rawSpeed_100kph)
                  20005942    00000002     (.common:readBuffer)
                  20005944    00000002     (.common:throttlePercent)
                  20005946    00000001     OneLib.a : gap_scanner.o (.bss)
                  20005947    00000001              : gapgattserver.o (.bss)
                  20005948    00000001              : gattservapp.o (.bss)
                  20005949    00000001              : hci_tl.o (.bss)
                  2000594a    00000001              : hci_tl.o (.bss)
                  2000594b    00000001              : hci_tl.o (.bss)
                  2000594c    00000001              : hci_tl.o (.bss)
                  2000594d    00000001              : hci_tl.o (.bss)
                  2000594e    00000001              : hci_tl.o (.bss)
                  2000594f    00000001              : ll.o (.bss)
                  20005950    00000001              : ll.o (.bss)
                  20005951    00000001              : ll.o (.bss)
                  20005952    00000001              : ll.o (.bss)
                  20005953    00000001              : ll_ae.o (.bss)
                  20005954    00000001              : ll_config.o (.bss)
                  20005955    00000001              : ll_config.o (.bss)
                  20005956    00000001              : ll_enc.o (.bss)
                  20005957    00000001              : ll_isr.o (.bss)
                  20005958    00000001              : sm_task.o (.bss)
                  20005959    00000001     StackWrapper.a : ble_dispatch_lite.o (.bss)
                  2000595a    00000001                    : gapbondmgr.o (.bss)
                  2000595b    00000001                    : gapbondmgr.o (.bss)
                  2000595c    00000001                    : hal_assert.o (.bss)
                  2000595d    00000001                    : osal.o (.bss)
                  2000595e    00000001                    : osal_pwrmgr.o (.bss)
                  2000595f    00000001     (.common:BLE_flash_status)
                  20005960    00000001     (.common:NVOCMP_size)
                  20005961    00000001     (.common:N_data_analytics)
                  20005962    00000001     (.common:batteryStatus)
                  20005963    00000001     (.common:battery_bar1_status)
                  20005964    00000001     (.common:controller_error_code)
                  20005965    00000001     (.common:dashSpeed)
                  20005966    00000001     (.common:gAction)
                  20005967    00000001     (.common:ledBLESelect_old)
                  20005968    00000001     (.common:ledBLEStatus)
                  20005969    00000001     (.common:ledBatteryStatus)
                  2000596a    00000001     (.common:ledBatteryStatus_old)
                  2000596b    00000001     (.common:ledBrightness)
                  2000596c    00000001     (.common:ledBrightness_old)
                  2000596d    00000001     (.common:ledLightMode)
                  2000596e    00000001     (.common:ledLightMode_old)
                  2000596f    00000001     (.common:ledLightStatus)
                  20005970    00000001     (.common:ledLightStatus_old)
                  20005971    00000001     (.common:ledPower_old)
                  20005972    00000001     (.common:ledSetpower)
                  20005973    00000001     (.common:ledSpeed)
                  20005974    00000001     (.common:ledSpeedMode)
                  20005975    00000001     (.common:ledSpeedModeSelect_old)
                  20005976    00000001     (.common:ledSpeed_old)
                  20005977    00000001     (.common:ledUnitSelectDash)
                  20005978    00000001     (.common:ledUnitSelect_old)
                  20005979    00000001     (.common:led_controlLaw)
                  2000597a    00000001     (.common:led_controlLaw_ledStatus)
                  2000597b    00000001     (.common:led_controlLaw_old)
                  2000597c    00000001     (.common:led_display_i2cTransferStatus)
                  2000597d    00000001     (.common:led_error_code_old)
                  2000597e    00000001     (.common:led_error_priority)
                  2000597f    00000001     (.common:light_mode)
                  20005980    00000001     (.common:light_mode_Index)
                  20005981    00000001     (.common:nvsCC26XXObjects)
                  20005982    00000001     (.common:pwm_openStatus)
                  20005983    00000001     (.common:speedMode)
                  20005984    00000001     (.common:veml6030_i2cTransferStatus)

.vtable    0    20005985    00000000     UNINITIALIZED

.vtable_ram 
*          0    20005985    00000000     UNINITIALIZED

vtable_ram 
*          0    20005985    00000000     UNINITIALIZED

.sysmem    0    20005985    00000000     UNINITIALIZED

.nonretenvar 
*          0    20005985    00000000     UNINITIALIZED

.ramVecs   0    20005a00    000000d8     UNINITIALIZED
                  20005a00    000000d8     ti_sysbios_config.o (.ramVecs)

.stack     0    20023c00    00000400     UNINITIALIZED
                  20023c00    00000004     sysbios.a : boot_cortex_m.c.obj (.stack)
                  20023c04    000003fc     --HOLE--

.TI.bound:flashBuf0 
*          0    00048000    00004000     UNINITIALIZED
                  00048000    00004000     ti_drivers_config.o (.TI.bound:flashBuf0)

.TI.bound:dmaUart0RxControlTableEntry 
*          0    20001810    00000010     UNINITIALIZED
                  20001810    00000010     ti_drivers_config.o (.TI.bound:dmaUart0RxControlTableEntry)

.TI.bound:dmaUart0TxControlTableEntry 
*          0    20001820    00000010     UNINITIALIZED
                  20001820    00000010     ti_drivers_config.o (.TI.bound:dmaUart0TxControlTableEntry)

.text      0    00000040    000227c0     
                  00000040    00000b40     StackWrapper.a : gapbondmgr.o (.text)
                  00000b80    00000ab0     simple_peripheral.o (.text.SimplePeripheral_taskFxn)
                  00001630    00000a8c     libc.a : e_pow.c.obj (.text.pow)
                  000020bc    0000074c     OneLib.a : ll_adv_end_causes.o (.text)
                  00002808    000006f4     StackWrapper.a : gapbondmgr.o (.text)
                  00002efc    00000510     OneLib.a : ble.o (.text)
                  0000340c    000004ec              : ll_ae.o (.text)
                  000038f8    000004ac     brake_and_throttle.o (.text.brake_and_throttle_ADC_conversion)
                  00003da4    00000498     OneLib.a : ll_isr.o (.text)
                  0000423c    00000490     rf_multiMode_cc26x2.a : RFCC26X2_multiMode.c.cc26x2.ticlang.o (.text.RF_fsmActiveState)
                  000046cc    00000458     OneLib.a : ll.o (.text)
                  00004b24    00000458              : ll_slave_end_causes.o (.text)
                  00004f7c    00000424              : ll_scheduler.o (.text)
                  000053a0    00000408              : ll_slave_end_causes.o (.text)
                  000057a8    000003a4              : ll_scheduler.o (.text)
                  00005b4c    00000004     drivers_cc26x2x7.a : AESCTRDRBGXX.c.obj (.text.AESCTRDRBG_getBytes)
                  00005b50    00000364     data_analytics.o (.text.data_analytics)
                  00005eb4    00000342     OneLib.a : ll_ae.o (.text)
                  000061f6    00000002     ti_sysbios_config.o (.text.BIOS_nullFunc)
                  000061f8    00000338     OneLib.a : ll_ae.o (.text)
                  00006530    000002b0     StackWrapper.a : gapbondmgr.o (.text)
                  000067e0    000002ac     OneLib.a : ll.o (.text)
                  00006a8c    000002a8     nvocmp.o (.text.NVOCMP_initNvApi)
                  00006d34    000002a8     rf_multiMode_cc26x2.a : RFCC26X2_multiMode.c.cc26x2.ticlang.o (.text.RF_open)
                  00006fdc    00000284     nvocmp.o (.text.NVOCMP_compactPage)
                  00007260    00000284     OneLib.a : ll_common.o (.text)
                  000074e4    00000274              : ll_ae.o (.text)
                  00007758    00000268              : ll_isr.o (.text)
                  000079c0    0000025c     StackWrapper.a : gapbondmgr.o (.text)
                  00007c1c    00000250     OneLib.a : ll_isr.o (.text)
                  00007e6c    0000024c     nvocmp.o (.text.NVOCMP_addItem)
                  000080b8    00000234     OneLib.a : ll_data.o (.text)
                  000082ec    00000220     drivers_cc26x2x7.a : ECDHCC26X2.c.obj (.text.ECDHCC26X2_hwiFxn)
                  0000850c    00000204     icall.o (.text.ICall_waitMatch)
                  00008710    00000204     OneLib.a : gattservapp.o (.text)
                  00008914    000001f4              : ll.o (.text)
                  00008b08    000001f0     drivers_cc26x2x7.a : UART2CC26X2.c.obj (.text.UART2CC26X2_hwiIntFxn)
                  00008cf8    000001e8     rf_multiMode_cc26x2.a : RFCC26X2_multiMode.c.cc26x2.ticlang.o (.text.RF_scheduleCmd)
                  00008ee0    000001e0     StackWrapper.a : osal.o (.text)
                  000090c0    000001dc     rf_multiMode_cc26x2.a : RFCC26X2_multiMode.c.cc26x2.ticlang.o (.text.RF_dispatchNextCmd)
                  0000929c    000001d4     drivers_cc26x2x7.a : UART2.c.obj (.text.UART2_readTimeout)
                  00009470    000001bc     data_analytics.o (.text.data_analytics_Main)
                  0000962c    000001bc     ble_user_config_stack.o (.text.setBleUserConfig)
                  000097e8    000001bc     OneLib.a : ll_scheduler.o (.text)
                  000099a4    000001b6     libclang_rt.builtins.a : adddf3.S.obj (.text.adddf3_subdf3)
                  00009b5a    00000002     ti_drivers_config.o (.text.Board_initHook)
                  00009b5c    000001a4     OneLib.a : ll_isr.o (.text)
                  00009d00    000001a0     drivers_cc26x2x7.a : AESECBCC26XX.c.obj (.text.AESECB_addDataInternal)
                  00009ea0    000001a0     data_analytics.o (.text.data_analytics_init)
                  0000a040    00000198     OneLib.a : ll_common.o (.text)
                  0000a1d8    00000194     drivers_cc26x2x7.a : PowerCC26X2_calibrateRCOSC.c.obj (.text.PowerCC26X2_auxISR)
                  0000a36c    0000018c                        : UART2CC26X2.c.obj (.text.UART2_open)
                  0000a4f8    0000018c     OneLib.a : gap_task.o (.text)
                  0000a684    00000188     drivers_cc26x2x7.a : AESCCMCC26XX.c.obj (.text.AESCCM_startOperation)
                  0000a80c    00000188     OneLib.a : ll_ae.o (.text)
                  0000a994    0000017c     drivers_cc26x2x7.a : ECDHCC26X2.c.obj (.text.ECDH_computeSharedSecret)
                  0000ab10    00000178     OneLib.a : gattservapp.o (.text)
                  0000ac88    00000174     drivers_cc26x2x7.a : UART2.c.obj (.text.UART2_writeTimeoutBlocking)
                  0000adfc    00000174     OneLib.a : ll_scheduler.o (.text)
                  0000af70    0000016c              : ll_ae.o (.text)
                  0000b0dc    00000004     drivers_cc26x2x7.a : AESCTRCC26XX.c.obj (.text.AESCTR_releaseLock)
                  0000b0e0    00000168     libc.a : e_sqrt.c.obj (.text.sqrt)
                  0000b248    00000164     veml6030.o (.text.veml6030_calculateLux)
                  0000b3ac    00000158     drivers_cc26x2x7.a : AESCTRCC26XX.c.obj (.text.AESCTR_processData)
                  0000b504    00000158                        : PowerCC26X2.c.obj (.text.Power_sleep)
                  0000b65c    00000150     OneLib.a : ll_ae.o (.text)
                  0000b7ac    00000150              : ll_isr.o (.text)
                  0000b8fc    0000014c     rf_multiMode_cc26x2.a : RFCC26X2_multiMode.c.cc26x2.ticlang.o (.text.RF_radioOpDoneCb)
                  0000ba48    00000144     StackWrapper.a : osal.o (.text)
                  0000bb8c    00000140     OneLib.a : gattservapp.o (.text)
                  0000bccc    00000140     StackWrapper.a : gap.o (.text)
                  0000be0c    0000013c     drivers_cc26x2x7.a : I2CCC26XX.c.obj (.text.I2C_open)
                  0000bf48    00000138     rf_multiMode_cc26x2.a : RFCC26X2_multiMode.c.cc26x2.ticlang.o (.text.RF_abortCmd)
                  0000c080    00000136     libclang_rt.builtins.a : divdf3.S.obj (.text.__divdf3)
                  0000c1b6    00000002     ble_user_config.o (.text.DefaultAssertCback)
                  0000c1b8    00000134     rf_multiMode_cc26x2.a : RFCC26X2_multiMode.c.cc26x2.ticlang.o (.text.RF_ratSetupChannel)
                  0000c2ec    00000130     OneLib.a : l2cap_util.o (.text)
                  0000c41c    0000012c     general_purpose_timer.o (.text.GeneralPurposeTimer_taskFxn)
                  0000c548    0000012c     rf_multiMode_cc26x2.a : RFCC26X2_multiMode.c.cc26x2.ticlang.o (.text.RF_close)
                  0000c674    0000012c     drivers_cc26x2x7.a : TRNGCC26XX.c.obj (.text.TRNGCC26XX_hwiFxn)
                  0000c7a0    0000012c     motor_control.o (.text.motorcontrol_rxMsgCb)
                  0000c8cc    00000128     OneLib.a : ll_isr.o (.text)
                  0000c9f4    00000126     drivers_cc26x2x7.a : I2C.c.obj (.text.I2C_transferTimeout)
                  0000cb1a    00000002                        : I2C.c.obj (.text.I2C_init)
                  0000cb1c    00000124     rf_multiMode_cc26x2.a : RFCC26X2_multiMode.c.cc26x2.ticlang.o (.text.RF_fsmSetupState)
                  0000cc40    00000120     controller_profile.o (.text.Controller_SetParameter)
                  0000cd60    00000120     nvocmp.o (.text.NVOCMP_findItem)
                  0000ce80    00000120     libc.a : s_floor.c.obj (.text.floor)
                  0000cfa0    00000120     ti_sysbios_config.o (.text.ti_sysbios_family_arm_cc26xx_Timer_construct)
                  0000d0c0    00000120     OneLib.a : ll_data.o (.text)
                  0000d1e0    0000011c     sysbios.a : Hwi_asm_gcc.s.obj (.text.ti_sysbios_family_arm_m3_Hwi_dispatch)
                  0000d2fc    00000118     drivers_cc26x2x7.a : PowerCC26X2.c.obj (.text.Power_init)
                  0000d414    00000118     rf_multiMode_cc26x2.a : RFCC26X2_multiMode.c.cc26x2.ticlang.o (.text.RF_decodeOverridePointers)
                  0000d52c    00000118     drivers_cc26x2x7.a : UART2.c.obj (.text.UART2_writeTimeoutNonblocking)
                  0000d644    00000004     ti_sysbios_config.o (.text.ClockP_destruct)
                  0000d648    00000110     data_analytics.o (.text.data_analytics_sampling)
                  0000d758    0000010c     drivers_cc26x2x7.a : ECDHCC26X2.c.obj (.text.ECDH_generatePublicKey)
                  0000d864    0000010c                        : PowerCC26X2_calibrateRCOSC.c.obj (.text.PowerCC26X2_calibrate)
                  0000d970    0000010c     libc.a : s_scalbn.c.obj (.text.scalbn)
                  0000da7c    0000010a     OneLib.a : gatt_client.o (.text)
                  0000db86    00000002     rom_init.o (.text.MAP_HCI_CteRequestFailedEvent)
                  0000db88    00000108     drivers_cc26x2x7.a : NVSCC26XX.c.obj (.text.NVSCC26XX_write)
                  0000dc90    00000108     rf_multiMode_cc26x2.a : RFCC26X2_multiMode.c.cc26x2.ticlang.o (.text.RF_fsmPowerUpState)
                  0000dd98    00000104     drivers_cc26x2x7.a : GPIOCC26X2.c.obj (.text.GPIO_init)
                  0000de9c    00000104                        : UART2CC26X2.c.obj (.text.UART2CC26X2_initHw)
                  0000dfa0    00000102                        : AESCTRDRBGXX.c.obj (.text.AESCTRDRBG_getRandomBytes)
                  0000e0a2    000000fe     OneLib.a : ll_scheduler.o (.text)
                  0000e1a0    000000fc     rf_multiMode_cc26x2.a : RFCC26X2_multiMode.c.cc26x2.ticlang.o (.text.RF_hwiCpe0Active)
                  0000e29c    000000fc     libclang_rt.builtins.a : muldf3.S.obj (.text.__muldf3)
                  0000e398    000000f8     drivers_cc26x2x7.a : ADCCC26XX.c.obj (.text.ADCCC26XX_convertChain)
                  0000e490    000000f8     OneLib.a : ll_scheduler.o (.text)
                  0000e588    000000f8              : sm_rsppairing.o (.text)
                  0000e680    000000f4     controller_profile.o (.text.Controller_ReadAttrCB)
                  0000e774    000000f4     drivers_cc26x2x7.a : TRNGCC26XX.c.obj (.text.TRNG_getRandom)
                  0000e868    000000f0     driverlib.lib : sys_ctrl.c.obj (.text.NOROM_SysCtrlStandby)
                  0000e958    000000f0     drivers_cc26x2x7.a : UART2CC26X2.c.obj (.text.UART2Support_dmaStartRx)
                  0000ea48    000000f0     data_analytics.o (.text.computeBatteryPercentage)
                  0000eb38    000000f0     OneLib.a : ll_ae.o (.text)
                  0000ec28    000000ec     led_display.o (.text.led_display_changeDashSpeed)
                  0000ed14    000000ec     OneLib.a : gap_advertiser.o (.text)
                  0000ee00    000000ec              : ll_common.o (.text)
                  0000eeec    000000ec              : ll_common.o (.text)
                  0000efd8    000000ea     led_display.o (.text.LED_Turn_OFF_ALL)
                  0000f0c2    00000002     rom_init.o (.text.MAP_LL_SDAA_HandleSDAALastCmdDone)
                  0000f0c4    000000e8     drivers_cc26x2x7.a : AESCTRDRBGXX.c.obj (.text.AESCTRDRBG_construct)
                  0000f1ac    000000e6     led_display.o (.text.Brightness)
                  0000f292    00000002     rom_init.o (.text.MAP_LL_SDAA_Init)
                  0000f294    000000e4     drivers_cc26x2x7.a : ADCCC26XX.c.obj (.text.ADCCC26XX_convert)
                  0000f378    000000e4                        : I2CCC26XX.c.obj (.text.I2CCC26XX_hwiFxn)
                  0000f45c    000000e4     brake_and_throttle.o (.text.brake_and_throttle_toggleSpeedMode)
                  0000f540    000000e4     ti_sysbios_config.o (.text.ti_sysbios_knl_Semaphore_pend)
                  0000f624    000000e2     OneLib.a : gapgattserver.o (.text)
                  0000f706    000000e2              : ll_ae.o (.text)
                  0000f7e8    000000e0     data_analytics.o (.text.computeAvgVoltages)
                  0000f8c8    000000e0     ti_sysbios_config.o (.text.ti_sysbios_knl_Event_pend)
                  0000f9a8    000000e0     OneLib.a : ll_scheduler.o (.text)
                  0000fa88    000000e0     StackWrapper.a : osal_timers.o (.text)
                  0000fb68    000000dc     rf_multiMode_cc26x2.a : RFCC26X2_multiMode.c.cc26x2.ticlang.o (.text.RF_control)
                  0000fc44    000000dc     OneLib.a : ll_ae.o (.text)
                  0000fd20    000000d8     ti_ble_config.o (.text.setBondManagerParameters)
                  0000fdf8    000000d8     ti_sysbios_config.o (.text.ti_sysbios_family_arm_m3_Hwi_excFillContext)
                  0000fed0    000000d8     OneLib.a : ll_common.o (.text)
                  0000ffa8    000000d6     drivers_cc26x2x7.a : AESCTRDRBGXX.c.obj (.text.AESCTRDRBG_reseed)
                  0001007e    00000002     rom_init.o (.text.MAP_LL_SDAA_RecordTxUsage)
                  00010080    000000d4     led_display.o (.text.led_display_changeSpeedMode)
                  00010154    000000d0     driverlib.lib : aes.c.obj (.text.NOROM_AESWriteToKeyStore)
                  00010224    000000d0                   : setup.c.obj (.text.NOROM_SetupTrimDevice)
                  000102f4    000000d0     drivers_cc26x2x7.a : PowerCC26X2.c.obj (.text.configureXOSCHF)
                  000103c4    000000cc     STM32MCP.o (.text.STM32MCP_flowControlHandler)
                  00010490    000000cc     brake_and_throttle.o (.text.brake_and_throttle_getSpeedModeParams)
                  0001055c    000000cc     multi_purpose_button.o (.text.mpb_execute_event)
                  00010628    000000cc     ti_sysbios_config.o (.text.ti_sysbios_knl_Clock_workFuncDynamic)
                  000106f4    000000cc     OneLib.a : hci_event.o (.text)
                  000107c0    000000cc     StackWrapper.a : osal.o (.text)
                  0001088c    000000ca     rf_multiMode_cc26x2.a : RFCC26X2_multiMode.c.cc26x2.ticlang.o (.text.RF_updatePaConfiguration)
                  00010956    00000002     rom_init.o (.text.MAP_LL_SDAA_SampleRXWindow)
                  00010958    000000c8     controller_profile.o (.text.Controller_AddService)
                  00010a20    000000c8     ti_sysbios_config.o (.text.clock_gettime)
                  00010ae8    000000c8     OneLib.a : gap_scanner.o (.text)
                  00010bb0    000000c8              : ll.o (.text)
                  00010c78    000000c8              : ll_ae.o (.text)
                  00010d40    000000c8              : ll_isr.o (.text)
                  00010e08    000000c4     libc.a : s_round.c.obj (.text.round)
                  00010ecc    000000c4     OneLib.a : gapgattserver.o (.text)
                  00010f90    000000c4              : ll_ae.o (.text)
                  00011054    000000c0     dashboard_profile.o (.text.Dashboard_SetParameter)
                  00011114    000000c0     icall.o (.text.ICall_enrollService)
                  000111d4    000000c0     led_display.o (.text.led_display_changeBatteryStatus)
                  00011294    000000c0     OneLib.a : ll.o (.text)
                  00011354    000000c0              : ll_scheduler.o (.text)
                  00011414    000000bc     rf_multiMode_cc26x2.a : RFCC26X2_multiMode.c.cc26x2.ticlang.o (.text.RF_swiHw)
                  000114d0    000000bc     drivers_cc26x2x7.a : UART2CC26X2.c.obj (.text.UART2Support_dmaStartTx)
                  0001158c    000000bc     OneLib.a : ble.o (.text)
                  00011648    000000bc              : ll_ecc.o (.text)
                  00011704    000000b8     dashboard_profile.o (.text.Dashboard_ReadAttrCB)
                  000117bc    000000b8     drivers_cc26x2x7.a : GPTimerCC26XX.c.obj (.text.GPTimerCC26XX_open)
                  00011874    000000b8     power_on_time.o (.text.power_on_time_taskFxn)
                  0001192c    000000b8     ti_sysbios_config.o (.text.ti_sysbios_knl_Task_Instance_finalize)
                  000119e4    000000b8     ti_sysbios_config.o (.text.ti_sysbios_knl_Task_setPri)
                  00011a9c    000000b8     OneLib.a : gap_scanner.o (.text)
                  00011b54    000000b8              : ll.o (.text)
                  00011c0c    000000b8              : ll_slave_end_causes.o (.text)
                  00011cc4    000000b8     StackWrapper.a : gattservapp_util.o (.text)
                  00011d7c    000000b4     drivers_cc26x2x7.a : ECDHCC26X2.c.obj (.text.ECDHCC26X2_getKeyResult)
                  00011e30    000000b4     ti_sysbios_config.o (.text.PowerCC26XX_standbyPolicy)
                  00011ee4    000000b4     led_display.o (.text.led_display_changeBLE)
                  00011f98    000000b4     StackWrapper.a : gapbondmgr.o (.text)
                  0001204c    000000b0     drivers_cc26x2x7.a : PowerCC26X2.c.obj (.text.Power_setDependency)
                  000120fc    000000b0     OneLib.a : ll_enc.o (.text)
                  000121ac    000000b0     StackWrapper.a : gapbondmgr.o (.text)
                  0001225c    000000b0                    : gattservapp_util.o (.text)
                  0001230c    000000b0     libclang_rt.builtins.a : udivmoddi4.S.obj (.text)
                  000123bc    000000ac     drivers_cc26x2x7.a : PowerCC26X2.c.obj (.text.Power_releaseDependency)
                  00012468    000000ac     rf_multiMode_cc26x2.a : RFCC26X2_multiMode.c.cc26x2.ticlang.o (.text.RF_pendCmd)
                  00012514    000000ac     driverlib.lib : setup.c.obj (.text.TrimAfterColdResetWakeupFromShutDown)
                  000125c0    000000ac     StackWrapper.a : gapbondmgr.o (.text)
                  0001266c    000000a8     drivers_cc26x2x7.a : PWMTimerCC26XX.c.obj (.text.PWMTimerCC26XX_open)
                  00012714    000000a8     OneLib.a : gattservapp.o (.text)
                  000127bc    000000a8              : hci_data.o (.text)
                  00012864    000000a8              : ll.o (.text)
                  0001290c    000000a8              : ll_common.o (.text)
                  000129b4    000000a8     StackWrapper.a : osal_cbtimer.o (.text)
                  00012a5c    000000a4     drivers_cc26x2x7.a : AESCTRCC26XX.c.obj (.text.AESCTR_startOneStepOperation)
                  00012b00    000000a4     icall.o (.text.ICall_heapMalloc)
                  00012ba4    000000a4     icall.o (.text.ICall_wait)
                  00012c48    000000a4     drivers_cc26x2x7.a : PWMTimerCC26XX.c.obj (.text.PWMTimerCC26XX_setDutyAndPeriod)
                  00012cec    000000a4     rf_multiMode_cc26x2.a : RFCC26X2_multiMode.c.cc26x2.ticlang.o (.text.RF_initRadioSetup)
                  00012d90    000000a4     ti_sysbios_config.o (.text.ti_sysbios_knl_Task_Instance_init)
                  00012e34    000000a4     OneLib.a : ll_ae.o (.text)
                  00012ed8    000000a0     drivers_cc26x2x7.a : I2CCC26XX.c.obj (.text.I2CCC26XX_swiFxn)
                  00012f78    000000a0     rf_multiMode_cc26x2.a : RFCC26X2_multiMode.c.cc26x2.ticlang.o (.text.RF_calculateDispatchTime)
                  00013018    000000a0     OneLib.a : ll_common.o (.text)
                  000130b8    000000a0              : ll_scheduler.o (.text)
                  00013158    000000a0              : ll_scheduler.o (.text)
                  000131f8    0000009c     battery_profile.o (.text.Battery_SetParameter)
                  00013294    0000009c     devinfoservice.o (.text.devInfo_ReadAttrCB)
                  00013330    0000009c     libc.a : s_floorf.c.obj (.text.floorf)
                  000133cc    0000009c     OneLib.a : ll_common.o (.text)
                  00013468    0000009c              : ll_ecc.o (.text)
                  00013504    0000009c              : ll_isr.o (.text)
                  000135a0    0000009a     drivers_cc26x2x7.a : UART2.c.obj (.text.UART2_writeCancel)
                  0001363a    00000002     rom_init.o (.text.MAP_llClearPeriodicAdvSets)
                  0001363c    00000098     dashboard_profile.o (.text.Dashboard_WriteAttrCB)
                  000136d4    00000098     drivers_cc26x2x7.a : GPTimerCC26XX.c.obj (.text.GPTimerCC26XX_close)
                  0001376c    00000098     nvocmp.o (.text.NVOCMP_erase)
                  00013804    00000098     rf_multiMode_cc26x2.a : RFCC26X2_multiMode.c.cc26x2.ticlang.o (.text.RF_defaultSubmitPolicy)
                  0001389c    00000098     drivers_cc26x2x7.a : UART2CC26X2.c.obj (.text.UART2_close)
                  00013934    00000004     ti_sysbios_config.o (.text.ClockP_getSystemTickPeriod)
                  00013938    00000098     data_analytics.o (.text.computeCO2Saved)
                  000139d0    00000098     OneLib.a : gatt_server.o (.text)
                  00013a68    00000098              : gattservapp.o (.text)
                  00013b00    00000098              : hci_event.o (.text)
                  00013b98    00000096     rf_multiMode_cc26x2.a : RFCC26X2_multiMode.c.cc26x2.ticlang.o (.text.RF_verifyGap)
                  00013c2e    00000002     rom_init.o (.text.MAP_llClearPeriodicScanSets)
                  00013c30    00000094     battery_profile.o (.text.Battery_ReadAttrCB)
                  00013cc4    00000094     rf_multiMode_cc26x2.a : RFCC26X2_multiMode.c.cc26x2.ticlang.o (.text.RF_ratRestartChannels)
                  00013d58    00000094     UDHAL_PWM.o (.text.UDHAL_PWM_paramInit)
                  00013dec    00000094     brake_and_throttle.o (.text.brake_and_throttle_init)
                  00013e80    00000094     ti_sysbios_config.o (.text.ti_sysbios_knl_Clock_startI)
                  00013f14    00000094     ti_sysbios_config.o (.text.ti_sysbios_knl_Task_sleep)
                  00013fa8    00000094     OneLib.a : ll.o (.text)
                  0001403c    00000092              : gap_task.o (.text)
                  000140ce    00000002     rom_init.o (.text.MAP_llCoexInit)
                  000140d0    00000090     drivers_cc26x2x7.a : GPIOCC26XX.c.obj (.text.GPIO_setConfigAndMux)
                  00014160    00000090     osal_icall_ble.o (.text.osalInitTasks)
                  000141f0    00000090     OneLib.a : ll.o (.text)
                  00014280    00000090              : ll_common.o (.text)
                  00014310    0000008c     drivers_cc26x2x7.a : TRNGCC26XX.c.obj (.text.TRNG_construct)
                  0001439c    00000004     ti_sysbios_config.o (.text.ClockP_getTimeout)
                  000143a0    0000008c     data_analytics.o (.text.data_analytics_LEDSpeed)
                  0001442c    0000008c     multi_purpose_button.o (.text.mpb_processTimerOv)
                  000144b8    0000008c     ti_sysbios_config.o (.text.ti_sysbios_knl_Clock_init)
                  00014544    0000008c     OneLib.a : ll_ae.o (.text)
                  000145d0    00000088     ESCOOTER_BOOT.o (.text.Boot_Init)
                  00014658    00000088     rf_multiMode_cc26x2.a : RFCC26X2_multiMode.c.cc26x2.ticlang.o (.text.RF_cmdDispatchTime)
                  000146e0    00000088                           : RFCC26X2_multiMode.c.cc26x2.ticlang.o (.text.RF_discardPendCmd)
                  00014768    00000088     led_display.o (.text.led_display_init)
                  000147f0    00000088     lights.o (.text.lights_init)
                  00014878    00000088     multi_purpose_button.o (.text.mpb_processButtonEvt)
                  00014900    00000088     OneLib.a : ll_isr.o (.text)
                  00014988    00000088     StackWrapper.a : osal_cbtimer.o (.text)
                  00014a10    00000084     dashboard_profile.o (.text.Dashboard_AddService)
                  00014a94    00000084     icall.o (.text.ICall_setTimer)
                  00014b18    00000084     rf_multiMode_cc26x2.a : RFCC26X2_multiMode.c.cc26x2.ticlang.o (.text.RF_getInfo)
                  00014b9c    00000084     ti_sysbios_config.o (.text._pthread_abstime2ticks)
                  00014c20    00000084     veml6030.o (.text.veml6030_setIntThreshold)
                  00014ca4    00000080     drivers_cc26x2x7.a : AESCTRCC26XX.c.obj (.text.AESCTR_hwiFxn)
                  00014d24    00000080                        : UART2CC26X2.c.obj (.text.UART2Support_dmaStopTx)
                  00014da4    00000080                        : NVSCC26XX.c.obj (.text.doErase)
                  00014e24    00000080     ti_sysbios_config.o (.text.ti_sysbios_family_arm_m3_Hwi_initNVIC)
                  00014ea4    00000080     ti_sysbios_config.o (.text.ti_sysbios_gates_GateMutexPri_enter)
                  00014f24    00000080     OneLib.a : ll_ae.o (.text)
                  00014fa4    00000080              : ll_common.o (.text)
                  00015024    00000080              : ll_enc.o (.text)
                  000150a4    0000007e     nvocmp.o (.text.NVOCMP_readHeader)
                  00015122    0000007e     libc.a : s_roundf.c.obj (.text.roundf)
                  000151a0    0000007e     OneLib.a : gap_task.o (.text)
                  0001521e    00000002     rom_init.o (.text.MAP_llCoexSetParams)
                  00015220    0000007c     rf_multiMode_cc26x2.a : RFCC26X2_multiMode.c.cc26x2.ticlang.o (.text.RF_ratDisableChannel)
                  0001529c    0000007c     simple_peripheral.o (.text.SimplePeripheral_updatePHYStat)
                  00015318    0000007c     icall.o (.text.icall_directAPI)
                  00015394    0000007c     ti_sysbios_config.o (.text.ti_sysbios_family_arm_m3_Hwi_postInit)
                  00015410    0000007c     OneLib.a : ll.o (.text)
                  0001548c    0000007c              : ll.o (.text)
                  00015508    0000007c     StackWrapper.a : gapbondmgr.o (.text)
                  00015584    0000007a     drivers_cc26x2x7.a : AESCTRDRBGXX.c.obj (.text.AESCTRDRBGXX_updateState)
                  000155fe    00000002     rom_init.o (.text.MAP_llCoexUpdateCounters)
                  00015600    00000078     icall.o (.text.ICall_createRemoteTasksAtRuntime)
                  00015678    00000078     drivers_cc26x2x7.a : NVSCC26XX.c.obj (.text.NVSCC26XX_open)
                  000156f0    00000078     rf_multiMode_cc26x2.a : RFCC26X2_multiMode.c.cc26x2.ticlang.o (.text.RF_ratFreeChannel)
                  00015768    00000078     data_analytics.o (.text.data_analytics_getSNVData)
                  000157e0    00000078     ti_sysbios_config.o (.text.ti_sysbios_knl_Task_postInit)
                  00015858    00000078     OneLib.a : l2cap_task.o (.text)
                  000158d0    00000078              : ll_common.o (.text)
                  00015948    00000078     StackWrapper.a : osal_bufmgr.o (.text)
                  000159c0    00000076     OneLib.a : gattservapp.o (.text)
                  00015a36    00000076     StackWrapper.a : gap.o (.text)
                  00015aac    00000074     drivers_cc26x2x7.a : I2CCC26XX.c.obj (.text.I2C_close)
                  00015b20    00000074     icall.o (.text.ICall_heapInit)
                  00015b94    00000074     icall.o (.text.ICall_sendServiceComplete)
                  00015c08    00000074     nvocmp.o (.text.NVOCMP_readItemApi)
                  00015c7c    00000074     drivers_cc26x2x7.a : PowerCC26X2_calibrateRCOSC_helpers.c.obj (.text.PowerCC26X2_updateSubSecInc)
                  00015cf0    00000074     rf_multiMode_cc26x2.a : RFCC26X2_multiMode.c.cc26x2.ticlang.o (.text.RF_hwiHw)
                  00015d64    00000074     UDHAL.o (.text.UDHAL_init)
                  00015dd8    00000074     data_analytics.o (.text.data2snvBuffer)
                  00015e4c    00000074     led_display.o (.text.led_display_ErrorDisplay)
                  00015ec0    00000074     main.o (.text.main)
                  00015f34    00000074     ti_sysbios_config.o (.text.ti_sysbios_knl_Swi_restoreHwi)
                  00015fa8    00000074     ti_sysbios_config.o (.text.ti_sysbios_knl_Task_startup)
                  0001601c    00000074     OneLib.a : gap_linkmgr.o (.text)
                  00016090    00000074              : gatt_server.o (.text)
                  00016104    00000074              : ll.o (.text)
                  00016178    00000074              : ll_common.o (.text)
                  000161ec    00000074              : ll_common.o (.text)
                  00016260    00000074              : ll_enc.o (.text)
                  000162d4    00000074     StackWrapper.a : osal_cbtimer.o (.text)
                  00016348    00000070     drivers_cc26x2x7.a : AESCCMCC26XX.c.obj (.text.AESCCM_cleanup)
                  000163b8    00000070                        : AESCTRCC26XX.c.obj (.text.AESCTR_construct)
                  00016428    00000070                        : AESECBCC26XX.c.obj (.text.AESECB_construct)
                  00016498    00000070     controller_profile.o (.text.Controller_GetParameter)
                  00016508    00000070     drivers_cc26x2x7.a : I2CCC26XX.c.obj (.text.I2CSupport_primeTransfer)
                  00016578    00000070     icall_cc2650.o (.text.ICallPlatform_pwrUpdActivityCounter)
                  000165e8    00000070     lights.o (.text.lights_statusChg)
                  00016658    00000070     ti_sysbios_config.o (.text.ti_sysbios_family_arm_m3_Hwi_Instance_init)
                  000166c8    00000070     veml6030.o (.text.veml6030_read)
                  00016738    00000070     OneLib.a : ll_ae.o (.text)
                  000167a8    00000070              : ll_enc.o (.text)
                  00016818    00000070     StackWrapper.a : osal.o (.text)
                  00016888    00000070     libc.a : copy_decompress_lzss.c.obj (.text:decompress:lzss)
                  000168f8    0000006e     libclang_rt.builtins.a : comparedf2.c.obj (.text.__gedf2)
                  00016966    00000002     rom_init.o (.text.MAP_llDmmDynamicFree)
                  00016968    0000006e     libclang_rt.builtins.a : comparedf2.c.obj (.text.__ledf2)
                  000169d6    00000002     rom_init.o (.text.MAP_llDmmSetThreshold)
                  000169d8    0000006e     libclang_rt.builtins.a : truncdfsf2.S.obj (.text.__truncdfsf2)
                  00016a46    00000002     rom_init.o (.text.MAP_llHealthUpdate)
                  00016a48    0000006c     drivers_cc26x2x7.a : AESECBCC26XX.c.obj (.text.AESECB_hwiFxn)
                  00016ab4    0000006c     nvocmp.o (.text.NVOCMP_eraseNvApi)
                  00016b20    0000006c     nvocmp.o (.text.NVOCMP_writeItemApi)
                  00016b8c    0000006c     rf_multiMode_cc26x2.a : RFCC26X2_multiMode.c.cc26x2.ticlang.o (.text.RF_issueRadioFreeCb)
                  00016bf8    0000006c     drivers_cc26x2x7.a : Random.c.obj (.text.Random_seedAutomatic)
                  00016c64    0000006c     simple_peripheral.o (.text.SimplePeripheral_processParamUpdate)
                  00016cd0    0000006c     led_display.o (.text.led_display_changeLightMode)
                  00016d3c    0000006c     drivers_cc26x2x7.a : PowerCC26X2.c.obj (.text.oscillatorISR)
                  00016da8    0000006c     ti_sysbios_config.o (.text.ti_sysbios_family_arm_m3_Hwi_dispatchC)
                  00016e14    0000006c     ti_sysbios_config.o (.text.ti_sysbios_hal_Seconds_getTime)
                  00016e80    0000006c     veml6030.o (.text.veml6030_resolution)
                  00016eec    0000006c     OneLib.a : gap_linkmgr.o (.text)
                  00016f58    0000006c              : gatt_server.o (.text)
                  00016fc4    0000006c              : ll_isr.o (.text)
                  00017030    0000006c              : ll_scheduler.o (.text)
                  0001709c    0000006c     StackWrapper.a : osal_cbtimer.o (.text)
                  00017108    00000068     devinfoservice.o (.text.DevInfo_SetParameter)
                  00017170    00000068     rf_multiMode_cc26x2.a : RFCC26X2_multiMode.c.cc26x2.ticlang.o (.text.RF_detachOverrides)
                  000171d8    00000068     drivers_cc26x2x7.a : UART2CC26X2.c.obj (.text.UART2Support_dmaStopRx)
                  00017240    00000068     ti_sysbios_config.o (.text.ti_sysbios_knl_Event_post)
                  000172a8    00000068     ti_sysbios_config.o (.text.ti_sysbios_knl_Swi_run)
                  00017310    00000068     OneLib.a : gap_task.o (.text)
                  00017378    00000068              : gattservapp.o (.text)
                  000173e0    00000068              : ll.o (.text)
                  00017448    00000068              : ll_ae.o (.text)
                  000174b0    00000068              : ll_common.o (.text)
                  00017518    00000066     StackWrapper.a : icall_lite_translation.o (.text)
                  0001757e    00000002     rom_init.o (.text.MAP_llMaster_TaskEnd)
                  00017580    00000064     drivers_cc26x2x7.a : AESCCMCC26XX.c.obj (.text.AESCCM_hwiFxn)
                  000175e4    00000064     ALS_control.o (.text.ALS_control_setLight)
                  00017648    00000064     icall.o (.text.ICall_send)
                  000176ac    00000064     driverlib.lib : chipinfo.c.obj (.text.NOROM_ChipInfo_GetChipType)
                  00017710    00000064                   : osc.c.obj (.text.NOROM_OSCHF_AttemptToSwitchToXosc)
                  00017774    00000064     drivers_cc26x2x7.a : PowerCC26X2_calibrateRCOSC.c.obj (.text.PowerCC26X2_initiateCalibration)
                  000177d8    00000064     rf_multiMode_cc26x2.a : RFCC26X2_multiMode.c.cc26x2.ticlang.o (.text.RF_attachOverrides)
                  0001783c    00000064                           : RFCC26X2_multiMode.c.cc26x2.ticlang.o (.text.RF_dispatchNextEvent)
                  000178a0    00000064                           : RFCC26X2_multiMode.c.cc26x2.ticlang.o (.text.RF_hwiCpe0PowerFsm)
                  00017904    00000064     drivers_cc26x2x7.a : UDMACC26XX.c.obj (.text.UDMACC26XX_open)
                  00017968    00000064     ti_sysbios_config.o (.text.ti_sysbios_gates_GateMutexPri_leave)
                  000179cc    00000064     ti_sysbios_config.o (.text.ti_sysbios_knl_Idle_init)
                  00017a30    00000064     ti_sysbios_config.o (.text.ti_sysbios_knl_TaskSupport_buildTaskStack)
                  00017a94    00000064     veml6030.o (.text.veml6030_init)
                  00017af8    00000064     OneLib.a : gapgattserver.o (.text)
                  00017b5c    00000064              : gattservapp.o (.text)
                  00017bc0    00000064              : gattservapp.o (.text)
                  00017c24    00000064              : ll_common.o (.text)
                  00017c88    00000064              : ll_isr.o (.text)
                  00017cec    00000064              : ll_scheduler.o (.text)
                  00017d50    00000062     rf_multiMode_cc26x2.a : RFCC26X2_multiMode.c.cc26x2.ticlang.o (.text.RF_syncCb)
                  00017db2    00000002     rom_init.o (.text.MAP_llPeriodicAdv_PostProcess)
                  00017db4    00000062     libclang_rt.builtins.a : aeabi_dcmp.S.obj (.text.__aeabi_dcmp)
                  00017e16    00000002     rom_init.o (.text.MAP_llProcessPeriodicScanRxFIFO)
                  00017e18    00000060     ALS_control.o (.text.ALS_control_init)
                  00017e78    00000060     battery_profile.o (.text.Battery_AddService)
                  00017ed8    00000060     drivers_cc26x2x7.a : CryptoResourceCC26XX.c.obj (.text.CryptoResourceCC26XX_constructRTOSObjects)
                  00017f38    00000060     nvocmp.o (.text.NVOCMP_checkItem)
                  00017f98    00000060     nvocmp.o (.text.NVOCMP_verifyCRC)
                  00017ff8    00000060     drivers_cc26x2x7.a : PKAResourceCC26XX.c.obj (.text.PKAResourceCC26XX_constructRTOSObjects)
                  00018058    00000060                        : PowerCC26X2.c.obj (.text.Power_shutdown)
                  000180b8    00000060     data_analytics.o (.text.computeRange)
                  00018118    00000060     lights.o (.text.lights_lightModeChange)
                  00018178    00000060     rf_multiMode_cc26x2.a : rf_patch_mce_bt5.c.cc26x2.ticlang.o (.text.rf_patch_mce_bt5)
                  000181d8    00000060     osal_icall_ble.o (.text.stack_main)
                  00018238    00000060     ti_sysbios_config.o (.text.ti_sysbios_knl_Clock_walkQueueDynamic)
                  00018298    00000060     ti_sysbios_config.o (.text.ti_sysbios_knl_Semaphore_post)
[...]
200033bc  patchedSlaveCtrlPktList                                         
200033c0  halAssertCback                                                  
200033cc  bleUserCfg_maxPduSize                                           
200033ce  xrpm                                                            
200033d0  disconnectImmedConnId                                           
200033d2  llUserConfig_maxPduSize                                         
200033d4  baseTaskID                                                      
200033ed  PKAResourceCC26XX_pollingFlag                                   
200033f1  adc_brake_status                                                
200033f2  adc_convert_status                                              
200033f3  adc_throttle_status                                             
200033f5  bootReady                                                       
200033f6  buzzerStart                                                     
200033fb  howToBoot                                                       
20003406  node                                                            
20003407  timer3_count                                                    
20003408  uartOpenStatus                                                  
20003409  deviceNameCharProps                                             
2000340a  appearanceCharProps                                             
2000340b  periConnParamCharProps                                          
2000340c  centAddrResCharProps                                            
2000340d  centAddrRes                                                     
2000340e  resolvablePrivateAddressOnlyCharProps                           
2000340f  GATTServApp_gatt_no_service_changed                             
20003411  qosDefaultPriorityConnParameter                                 
20003412  extScanChanMap                                                  
20003413  sizeOfAllExtConnParam                                           
20003414  rfRatHandle                                                     
20003415  smAllowDebugKeysMode                                            
20003416  gapEndAppTaskID                                                 
20003417  gapAppTaskID                                                    
20003418  legacyMode                                                      
20003420  gptTaskStack                                                    
20003820  spTaskStack                                                     
20003c20  ti_sysbios_knl_Idle_taskStack                                   
200041e0  mpbTaskStack                                                    
200043e0  potTaskStack                                                    
200045e0  uart2CC26X2Objects                                              
20004750  i2cCC26xxObjects                                                
20004890  rfObject                                                        
20004990  gptimerCC26XXObjects                                            
20004a74  ti_sysbios_family_arm_m3_Hwi_dispatchTable                      
20004b4c  aesctrdrbgXXObjects                                             
20004bf0  trngCC26XXObjects                                               
20004c74  gpioCallbackFunctions                                           
20004cf0  gpioUserArgs                                                    
20004d6c  cbTimers                                                        
20004e50  pwmTimerCC26XXObjects                                           
20004eb0  ti_sysbios_knl_ClockSupport_timerStruct                         
20004f10  gptTask                                                         
20004f68  mpbTask                                                         
20004fc0  potTask                                                         
20005018  spTask                                                          
20005070  ti_sysbios_knl_Idle_taskStruct                                  
20005118  CryptoResourceCC26XX_accessSemaphore                            
20005168  CryptoResourceCC26XX_operationSemaphore                         
200051b8  PKAResourceCC26XX_accessSemaphore                               
20005208  PKAResourceCC26XX_operationSemaphore                            
20005364  nvFptrs                                                         
200053a0  CCVArray                                                        
200053d0  ti_sysbios_knl_Swi_readyQs                                      
20005400  ti_sysbios_knl_Task_readyQs                                     
20005430  NVOCMP_nvHandle                                                 
2000545e  appearance                                                      
20005460  aesecbCC26XXObjects                                             
200054d0  llCteSamples                                                    
20005534  req                                                             
20005554  gapBond_remoteOobData                                           
20005574  gapBond_localOobData                                            
20005594  ecdhCC26X2Objects                                               
200055b4  ti_sysbios_runtime_System_atexitHandlers                        
200055d4  udmaCC26XXObject                                                
20005610  BIOS_heapCallbackObject                                         
2000562c  BIOS_rtsGate                                                    
20005648  CryptoResourceCC26XX_hwi                                        
20005664  DCVArray                                                        
20005680  PKAResourceCC26XX_hwi                                           
2000569c  deviceName                                                      
200056b4  aesccmCC26XXObjects                                             
200056cc  params_buzzer                                                   
200056e4  params_headlight                                                
20005710  BCVArray                                                        
20005724  powerNotifyObj                                                  
20005738  ti_sysbios_hal_Seconds_Module_state                             
2000574c  i2cParams                                                       
2000575c  llCteTest                                                       
20005768  cteAntennaProp                                                  
20005774  llTaskList                                                      
20005780  defaultChannelMap                                               
20005788  secondaryAdvChannelMap                                          
20005790  llRfCmdPreemption                                               
200057a0  params_brake                                                    
200057a8  params_throttle                                                 
200057b0  RPM_array                                                       
200057b6  throttleADCSamples                                              
200057bc  UDHAL_sysFatalError                                             
200057c1  writeBuffer                                                     
200057ec  ggs_AppCBs                                                      
200057f0  pClientSecCBs                                                   
200057f8  linkDBExtra                                                     
200057fc  BDAddrPerConnHandle                                             
20005800  llCte                                                           
20005804  llConnExtParam                                                  
20005808  extStackSettings                                                
2000580c  rfMode                                                          
20005810  trngHandle                                                      
20005814  pNextAdvSet                                                     
20005818  llCurrentMappedChan                                             
2000581c  drbgHandle                                                      
20005820  pRpaCfg                                                         
20005824  pRXWindowTask                                                   
20005828  gapBond_lruBondList                                             
2000582c  gapBondStateNodeHead                                            
20005830  osal_syncHandle                                                 
20005834  osal_icallMsg_hook                                              
20005838  osal_qHead                                                      
2000583c  osal_max_msecs                                                  
20005840  osal_tickperiod                                                 
20005844  osal_eventloop_hook                                             
20005848  bm_preReleaseBuffCB                                             
20005854  OSAL_timeSeconds                                                
20005858  timerHead                                                       
20005860  osal_last_timestamp                                             
20005864  HEAPMGR_SIZE                                                    
20005868  PowerCC26XX_swiKey                                              
2000586c  PowerCC26XX_taskKey                                             
20005870  adcCC26xxObjects                                                
20005874  adcValues                                                       
20005878  adc_brake                                                       
2000587c  adc_throttle                                                    
20005880  co2Saved_g                                                      
20005884  deltaMileage_dm                                                 
20005888  deltaPowerConsumption_mWh                                       
2000588c  mpb_timerManager                                                
20005890  ptr_MCUDArray                                                   
20005894  ptr_adcValues                                                   
20005898  ptr_bat_ADArray                                                 
2000589c  ptr_bat_MCUDArray                                               
200058a0  ptr_bat_STM32MCPDArray                                          
200058a4  ptr_bat_errorPriority                                           
200058a8  ptr_bat_profileCharVal                                          
200058ac  ptr_buzzer_errorPriority                                        
200058b0  ptr_da_profileCharVal                                           
200058b4  ptr_gpt_advertiseFlag                                           
200058b8  ptr_gpt_opcode                                                  
200058bc  ptr_led_advertiseFlag                                           
200058c0  ptr_led_opcode                                                  
200058c4  ptr_lights_STM32MCPDArray                                       
200058c8  ptr_lights_flagb                                                
200058cc  ptr_lights_profileCharVal                                       
200058d0  ptr_pc_MCUDArray                                                
200058d4  ptr_pot_charVal                                                 
200058d8  ptr_pot_initComplete_flag                                       
200058dc  ptr_pot_powerOn                                                 
200058e0  ptr_pot_profileCharVal                                          
200058e4  ptr_snvWriteFlag                                                
200058e8  ptr_sp_POWER_ON                                                 
200058ec  ptr_sp_profileCharVal                                           
200058f0  pwmBUZduty                                                      
200058f4  pwmHLduty                                                       
200058f8  resetUDDataCounter                                              
200058fc  resolution                                                      
20005900  sumDeltaMileage_dm                                              
20005904  sumDeltaPowerConsumed_mWh                                       
20005908  tasksEvents                                                     
2000590c  ti_sysbios_family_arm_cc26xx_TimestampProvider_Module_state     
20005910  ti_sysbios_knl_Task_defaultStackHeap                            
20005914  totalMileage0_dm                                                
20005918  totalMileagePrev_dm                                             
2000591c  totalPowerConsumed0_mWh                                         
20005920  totalPowerConsumedPrev_mWh                                      
20005924  maximumPduSize                                                  
20005928  pwrmgr_attribute                                                
2000592a  Hightreshold                                                    
2000592c  IQ_input                                                        
2000592e  Lowtreshold                                                     
20005930  RPM_prev                                                        
20005932  RPM_temp                                                        
20005934  allowableRPM                                                    
20005936  avgPhaseCurrent_mA                                              
20005938  avgPhaseVoltage_mV                                              
2000593a  brakePercent                                                    
2000593c  lights_PWMDuty                                                  
2000593e  payloadVoltage                                                  
20005940  rawSpeed_100kph                                                 
20005942  readBuffer                                                      
20005944  throttlePercent                                                 
20005946  scanResToDiscard                                                
20005947  resolvablePrivateAddressOnly                                    
20005948  GATTServApp_att_delayed_req                                     
20005949  hciTaskID                                                       
2000594a  hciL2capTaskID                                                  
2000594b  hciGapTaskID                                                    
2000594c  hciSmpTaskID                                                    
2000594d  hciTestTaskID                                                   
2000594e  hciVsEvtMask                                                    
2000594f  scanReqRpt                                                      
20005950  secondaryAdvChannelMapPopCount                                  
20005951  qosDefaultPriorityAdvParameter                                  
20005952  maxNumCteDataBufs                                               
20005953  numActiveAdvSets                                                
20005954  wlSize                                                          
20005955  rlSize                                                          
20005956  decryptResult                                                   
20005957  llUnhandleNextIntFlag                                           
20005958  smAuthenPairingOnlyMode                                         
20005959  icall_liteTaskId                                                
2000595a  gapBond_removeLRUBond                                           
2000595b  gapBond_syncRL                                                  
2000595c  assertSubcause                                                  
2000595d  osal_entity                                                     
2000595e  pwrmgr_initialized                                              
2000595f  BLE_flash_status                                                
20005960  NVOCMP_size                                                     
20005961  N_data_analytics                                                
20005962  batteryStatus                                                   
20005963  battery_bar1_status                                             
20005964  controller_error_code                                           
20005965  dashSpeed                                                       
20005966  gAction                                                         
20005967  ledBLESelect_old                                                
20005968  ledBLEStatus                                                    
20005969  ledBatteryStatus                                                
2000596a  ledBatteryStatus_old                                            
2000596b  ledBrightness                                                   
2000596c  ledBrightness_old                                               
2000596d  ledLightMode                                                    
2000596e  ledLightMode_old                                                
2000596f  ledLightStatus                                                  
20005970  ledLightStatus_old                                              
20005971  ledPower_old                                                    
20005972  ledSetpower                                                     
20005973  ledSpeed                                                        
20005974  ledSpeedMode                                                    
20005975  ledSpeedModeSelect_old                                          
20005976  ledSpeed_old                                                    
20005977  ledUnitSelectDash                                               
20005978  ledUnitSelect_old                                               
20005979  led_controlLaw                                                  
2000597a  led_controlLaw_ledStatus                                        
2000597b  led_controlLaw_old                                              
2000597c  led_display_i2cTransferStatus                                   
2000597d  led_error_code_old                                              
2000597e  led_error_priority                                              
2000597f  light_mode                                                      
20005980  light_mode_Index                                                
20005981  nvsCC26XXObjects                                                
20005982  pwm_openStatus                                                  
20005983  speedMode                                                       
20005984  veml6030_i2cTransferStatus                                      
20005a00  ti_sysbios_family_arm_m3_Hwi_ramVectors                         
20005ad8  heapStart                                                       
20023c00  __stack                                                         
20023c00  heapEnd                                                         
20024000  __STACK_END                                                     
20024000  __STACK_TOP                                                     
20024000  __UNUSED_SRAM_end__                                             
ffffffff  __TI_pprof_out_hndl                                             
ffffffff  __TI_prof_data_size                                             
ffffffff  __TI_prof_data_start                                            
ffffffff  __binit__                                                       
ffffffff  binit                                                           
UNDEFED   ITM_flush                                                       
UNDEFED   ITM_restore                                                     
UNDEFED   __c_args__                                                      
UNDEFED   __mpu_init                                                      

[3231 symbols]
