******************************************************************************
            TI ARM Clang Linker PC v3.2.0                      
******************************************************************************
>> Linked Tue Dec  3 12:07:52 2024

OUTPUT FILE NAME:   <genev_gGo_LP_CC2652R7_tirtos7_ticlang.out>
ENTRY POINT SYMBOL: "ResetISR"  address: 00022ef9


MEMORY CONFIGURATION

         name            origin    length      used     unused   attr    fill
----------------------  --------  ---------  --------  --------  ----  --------
  FLASH                 00000000   000ae000  0002a4b4  00083b4c  R  X
  FLASH_LAST_PAGE       000ae000   00002000  00000058  00001fa8  R  X
  RTOS_SRAM             20000000   0000012c  00000000  0000012c  RW X
  SRAM                  20000fdf   00023021  000045f8  0001ea29  RW X


SEGMENT ALLOCATION MAP

run origin  load origin   length   init length attrs members
----------  ----------- ---------- ----------- ----- -------
00000000    00000000    000264bc   000264bc    r-x
  00000000    00000000    0000003c   0000003c    r-- .resetVecs
  00000040    00000040    000236ac   000236ac    r-x .text
  000236f0    000236f0    000024b8   000024b8    r-- .rodata
  00025ba8    00025ba8    00000914   00000914    r-- .cinit
00048000    00048000    00004000   00000000    rw-
  00048000    00048000    00004000   00000000    rw- .TI.bound:flashBuf0
000affa8    000affa8    00000058   00000058    r--
  000affa8    000affa8    00000058   00000058    r-- .ccfg
20001810    20001810    00000020   00000000    rw-
  20001810    20001810    00000010   00000000    rw- .TI.bound:dmaUart0RxControlTableEntry
  20001820    20001820    00000010   00000000    rw- .TI.bound:dmaUart0TxControlTableEntry
20001900    20001900    0000407e   00000000    rw-
  20001900    20001900    00001b0c   00000000    rw- .data
  20003410    20003410    0000256e   00000000    rw- .bss
20005a00    20005a00    000000d8   00000000    rw-
  20005a00    20005a00    000000d8   00000000    rw- .ramVecs
20023c00    20023c00    00000400   00000000    rw-
  20023c00    20023c00    00000400   00000000    rw- .stack


SECTION ALLOCATION MAP

 output                                  attributes/
section   page    origin      length       input sections
--------  ----  ----------  ----------   ----------------
.resetVecs 
*          0    00000000    0000003c     
                  00000000    0000003c     ti_sysbios_config.o (.resetVecs)

.cinit     0    00025ba8    00000914     
                  00025ba8    000008bf     (.cinit..data.load) [load image, compression = lzss]
                  00026467    00000001     --HOLE-- [fill = 0]
                  00026468    0000000c     (__TI_handler_table)
                  00026474    00000008     (.cinit..TI.bound:dmaUart0RxControlTableEntry.load) [load image, compression = zero_init]
                  0002647c    00000008     (.cinit..TI.bound:dmaUart0TxControlTableEntry.load) [load image, compression = zero_init]
                  00026484    00000008     (.cinit..bss.load) [load image, compression = zero_init]
                  0002648c    00000008     (.cinit..ramVecs.load) [load image, compression = zero_init]
                  00026494    00000028     (__TI_cinit_table)

.init_array 
*          0    00000000    00000000     UNINITIALIZED

.ccfg      0    000affa8    00000058     
                  000affa8    00000058     ti_devices_config.o (.ccfg)

.data      0    20001900    00001b0c     UNINITIALIZED
                  20001900    00000310     controller_profile.o (.data.ControllerAttrTbl)
                  20001c10    000001d0     dashboard_profile.o (.data.DashboardAttrTbl)
                  20001de0    00000174     drivers_cc26x2x7.a : PowerCC26X2.c.obj (.data.PowerCC26X2_module)
                  20001f54    00000164     led_display.o (.data.functionTable)
                  200020b8    00000150     battery_profile.o (.data.BatteryAttrTbl)
                  20002208    000000f4     StackWrapper.a : gapbondmgr.o (.data)
                  200022fc    000000b0     OneLib.a : gapgattserver.o (.data)
                  200023ac    00000090     devinfoservice.o (.data.devInfoAttrTbl)
                  2000243c    00000080     snv_internal.o (.data.UDBuffer)
                  200024bc    00000080     simple_peripheral.o (.data.snv_internal_80)
                  2000253c    0000007e     data_analytics.o (.data..L_MergedGlobals.1)
                  200025ba    0000007e     data_analytics.o (.data..L_MergedGlobals.2)
                  20002638    0000007c     ti_drivers_config.o (.data.gpioPinConfigs)
                  200026b4    00000070     simple_peripheral.o (.data..L_MergedGlobals.10)
                  20002724    0000006c     OneLib.a : ll_config.o (.data)
                  20002790    00000068     rf_multiMode_cc26x2.a : RFCC26X2_multiMode.c.cc26x2.ticlang.o (.data..L_MergedGlobals.1)
                  200027f8    00000068     ti_sysbios_config.o (.data..L_MergedGlobals.71)
                  20002860    00000068     ti_sysbios_config.o (.data..L_MergedGlobals)
                  200028c8    00000068     ti_sysbios_config.o (.data.ti_sysbios_knl_Clock_Module_state)
                  20002930    00000064     rf_multiMode_cc26x2.a : RFCC26X2_multiMode.c.cc26x2.ticlang.o (.data..L_MergedGlobals.3)
                  20002994    0000005b     data_analytics.o (.data..L_MergedGlobals)
                  200029ef    00000001     drivers_cc26x2x7.a : AESCTRCC26XX.c.obj (.data.AESCTR_isInitialized)
                  200029f0    00000058     rf_multiMode_cc26x2.a : RFCC26X2_multiMode.c.cc26x2.ticlang.o (.data..L_MergedGlobals.2)
                  20002a48    00000058     ti_radio_config.o (.data.pOverrides_bleCommon)
                  20002aa0    00000054     devinfoservice.o (.data..L_MergedGlobals)
                  20002af4    00000050     ti_radio_config.o (.data.txPowerTable_2400_pa5)
                  20002b44    00000040     UDHAL_I2C.o (.data..L_MergedGlobals)
                  20002b84    00000040     OneLib.a : gattservapp.o (.data)
                  20002bc4    00000040              : sm_pairing.o (.data)
                  20002c04    0000003c     icall.o (.data..L_MergedGlobals.1)
                  20002c40    0000003c     icall_user_config.o (.data.nvintfFncStruct)
                  20002c7c    0000003c     ti_sysbios_config.o (.data.ti_sysbios_knl_Task_Module_state)
                  20002cb8    00000038     drivers_cc26x2x7.a : TRNGCC26XX.c.obj (.data..L_MergedGlobals.1)
                  20002cf0    00000030     controller_profile.o (.data..L_MergedGlobals.1)
                  20002d20    00000030     drivers_cc26x2x7.a : TRNGCC26XX.c.obj (.data..L_MergedGlobals)
                  20002d50    00000030     motor_control.o (.data..L_MergedGlobals)
                  20002d80    0000002c     UDHAL_UART.o (.data..L_MergedGlobals)
                  20002dac    0000002c     data_analytics.o (.data.ADArray)
                  20002dd8    00000028     nvocmp.o (.data..L_MergedGlobals.1)
                  20002e00    00000024     ble_user_config.o (.data.eccParams_NISTP256)
                  20002e24    00000024     ti_radio_config.o (.data.pOverrides_ble2Mbps)
                  20002e48    00000020     ESCOOTER_BOOT.o (.data..L_MergedGlobals)
                  20002e68    00000020     UDHAL_Timer2.o (.data..L_MergedGlobals)
                  20002e88    00000020     controller_profile.o (.data..L_MergedGlobals)
                  20002ea8    0000001c     dashboard_profile.o (.data..L_MergedGlobals.1)
                  20002ec4    0000001c     UDHAL_Timer3.o (.data..L_MergedGlobals)
                  20002ee0    0000001c     brake_and_throttle.o (.data..L_MergedGlobals)
                  20002efc    0000001c     simple_peripheral.o (.data..L_MergedGlobals)
                  20002f18    0000001c     veml6030.o (.data..L_MergedGlobals)
                  20002f34    0000001c     ti_ble_config.o (.data.advParams1)
                  20002f50    00000019     ti_ble_config.o (.data.scanResData1)
                  20002f69    00000003     UDHAL_GPIO.o (.data..L_MergedGlobals)
                  20002f6c    00000018     ALS_control.o (.data..L_MergedGlobals)
                  20002f84    00000018     ti_radio_config.o (.data.pOverrides_ble1Mbps)
                  20002f9c    00000015     ti_ble_config.o (.data.attDeviceName)
                  20002fb1    00000002     STM32MCP.o (.data.STM32MCP_regBusVoltageVal)
                  20002fb3    00000001     battery_profile.o (.data.Battery_Battery_Error_CodeProps)
                  20002fb4    00000014     battery_profile.o (.data..L_MergedGlobals.1)
                  20002fc8    00000014     STM32MCP.o (.data..L_MergedGlobals)
                  20002fdc    00000014     general_purpose_timer.o (.data..L_MergedGlobals)
                  20002ff0    00000014     main.o (.data..L_MergedGlobals)
                  20003004    00000014     power_on_time.o (.data..L_MergedGlobals)
                  20003018    00000014     StackWrapper.a : osal.o (.data)
                  2000302c    00000012     brake_and_throttle.o (.data..L_MergedGlobals.1)
                  2000303e    00000011     battery_profile.o (.data.Battery_Battery_ErrorUserDesp)
                  2000304f    00000011     battery_profile.o (.data.Battery_Battery_LevelUserDesp)
                  20003060    00000011     battery_profile.o (.data.Battery_Battery_StatusUserDesp)
                  20003071    00000011     battery_profile.o (.data.Battery_Battery_TemperatureUserDesp)
                  20003082    00000011     battery_profile.o (.data.Battery_Battery_VoltageUserDesp)
                  20003093    00000011     controller_profile.o (.data.Controller_Error_CodeUserDesp)
                  200030a4    00000011     controller_profile.o (.data.Controller_Heat_Sink_TemperatureUserDesp)
                  200030b5    00000011     controller_profile.o (.data.Controller_Instant_EconomyUserDesp)
                  200030c6    00000011     controller_profile.o (.data.Controller_Motor_RPMUserDesp)
                  200030d7    00000011     controller_profile.o (.data.Controller_Motor_SpeedUserDesp)
                  200030e8    00000011     controller_profile.o (.data.Controller_Motor_TemperatureUserDesp)
                  200030f9    00000011     controller_profile.o (.data.Controller_Overall_EfficiencyUserDesp)
                  2000310a    00000011     controller_profile.o (.data.Controller_RangeUserDesp)
                  2000311b    00000011     controller_profile.o (.data.Controller_Total_Distance_TravelledUserDesp)
                  2000312c    00000011     controller_profile.o (.data.Controller_Total_Energy_ConsumptionUserDesp)
                  2000313d    00000011     controller_profile.o (.data.Controller_VoltageUserDesp)
                  2000314e    00000011     controller_profile.o (.data.Controller_co2SavedUserDesp)
                  2000315f    00000011     dashboard_profile.o (.data.Dashboard_ADCounterUserDesp)
                  20003170    00000011     dashboard_profile.o (.data.Dashboard_Device_UpTimeUserDesp)
                  20003181    00000011     dashboard_profile.o (.data.Dashboard_Error_CodeUserDesp)
                  20003192    00000011     dashboard_profile.o (.data.Dashboard_Light_ModeUserDesp)
                  200031a3    00000011     dashboard_profile.o (.data.Dashboard_Light_StatusUserDesp)
                  200031b4    00000011     dashboard_profile.o (.data.Dashboard_Power_On_TimeUserDesp)
                  200031c5    00000011     dashboard_profile.o (.data.Dashboard_Speed_ModeUserDesp)
                  200031d6    00000002     STM32MCP.o (.data.STM32MCP_regFluxReferenceVal)
                  200031d8    00000010     multi_purpose_button.o (.data..L_MergedGlobals.1)
                  200031e8    00000010     data_analytics.o (.data..L_MergedGlobals.3)
                  200031f8    00000010     UDHAL_PWM.o (.data..L_MergedGlobals)
                  20003208    00000010     dashboard_profile.o (.data..L_MergedGlobals)
                  20003218    00000010     driverlib.lib : osc.c.obj (.data..L_MergedGlobals)
                  20003228    00000010     icall.o (.data..L_MergedGlobals)
                  20003238    00000010     ti_radio_config.o (.data.RF_modeBle)
                  20003248    00000010     UDHAL_UART.o (.data.STM32MCP_uartManager)
                  20003258    00000010     driverlib.lib : osc.c.obj (.data._hposcCoeffs)
                  20003268    00000010     ti_ble_config.o (.data.advData1)
                  20003278    00000010     icall_user_config.o (.data.bleAppServiceInfoTable)
                  20003288    00000010     ti_radio_config.o (.data.pOverrides_bleCoded)
                  20003298    00000010     OneLib.a : gattservapp.o (.data)
                  200032a8    00000010              : ll_data.o (.data)
                  200032b8    0000000f     ti_ble_config.o (.data..L_MergedGlobals)
                  200032c7    00000001     battery_profile.o (.data.Battery_Battery_LevelProps)
                  200032c8    0000000c     general_purpose_timer.o (.data..L_MergedGlobals.1)
                  200032d4    0000000c     drivers_cc26x2x7.a : NVSCC26XX.c.obj (.data..L_MergedGlobals)
                  200032e0    0000000c     UDHAL_Timer3.o (.data.mpb_timer)
                  200032ec    0000000c     profile_charVal.o (.data.profileCharVal)
                  200032f8    0000000c     UDHAL_Timer2.o (.data.timer2)
                  20003304    00000008     icall_cc2650.o (.data..L_MergedGlobals)
                  2000330c    00000008     multi_purpose_button.o (.data..L_MergedGlobals)
                  20003314    00000008     rf_multiMode_cc26x2.a : RFCC26X2_multiMode.c.cc26x2.ticlang.o (.data..L_MergedGlobals)
                  2000331c    00000008                           : RFCC26X2_multiMode.c.cc26x2.ticlang.o (.data.RFCC26XX_schedulerPolicy)
                  20003324    00000008     ti_sysbios_config.o (.data.ti_sysbios_gates_GateMutexPri_Module_state)
                  2000332c    00000008     ti_sysbios_config.o (.data.ti_sysbios_heaps_HeapCallback_Module_state)
                  20003334    00000008     ti_sysbios_config.o (.data.ti_sysbios_knl_Event_state)
                  2000333c    00000008     ti_sysbios_config.o (.data.ti_sysbios_knl_Semaphore_Module_state)
                  20003344    00000008     OneLib.a : gapgattserver.o (.data)
                  2000334c    00000008     StackWrapper.a : gapbondmgr.o (.data)
                  20003354    00000006     battery_profile.o (.data..L_MergedGlobals)
                  2000335a    00000006     buzzer.o (.data..L_MergedGlobals)
                  20003360    00000006     ti_ble_config.o (.data.pRandomAddress)
                  20003366    00000006     simple_peripheral.o (.data.rpa)
                  2000336c    00000005     lights.o (.data..L_MergedGlobals)
                  20003371    00000001     battery_profile.o (.data.Battery_Battery_StatusProps)
                  20003372    00000004     periodic_communication.o (.data..L_MergedGlobals)
                  20003376    00000002     STM32MCP.o (.data.STM32MCP_regHeatSinkTemperatureVal)
                  20003378    00000004     icall.o (.data.ICall_dispatcher)
                  2000337c    00000004     drivers_cc26x2x7.a : PowerCC26X2.c.obj (.data.PowerCC26X2_rtcSubSecInc)
                  20003380    00000004     rf_multiMode_cc26x2.a : RFCC26X2_multiMode.c.cc26x2.ticlang.o (.data.RF_fsmActiveState.lfClockSourceLast)
                  20003384    00000004     STM32MCP.o (.data.STM32MCP_regFlagsVal)
                  20003388    00000004     STM32MCP.o (.data.STM32MCP_regSpeedMeasuredVal)
                  2000338c    00000004     libc.a : aeabi_portable.c.obj (.data.__aeabi_errno)
                  20003390    00000004            : _lock.c.obj (.data._lock)
                  20003394    00000004            : _lock.c.obj (.data._unlock)
                  20003398    00000004     ble_user_config.o (.data.appAssertCback)
                  2000339c    00000004     ble_user_config_stack.o (.data.icallServiceTblPtr)
                  200033a0    00000004     dashboard_profile.o (.data.pAppCBs)
                  200033a4    00000004     icall_api_lite.o (.data.pRfErrCb)
                  200033a8    00000004     icall_api_lite.o (.data.pfnBMAlloc)
                  200033ac    00000004     icall_api_lite.o (.data.pfnBMFree)
                  200033b0    00000004     OneLib.a : ll_slave_end_causes.o (.data)
                  200033b4    00000004     StackWrapper.a : hal_assert.o (.data)
                  200033b8    00000002     STM32MCP.o (.data.STM32MCP_regMotorPowerVal)
                  200033ba    00000002     STM32MCP.o (.data.STM32MCP_regSpeedKP)
                  200033bc    00000002     STM32MCP.o (.data.STM32MCP_regTorqueReferenceVal)
                  200033be    00000002     drivers_cc26x2x7.a : ADCCC26XX.c.obj (.data.adcInstance)
                  200033c0    00000002     ble_user_config.o (.data.bleUserCfg_maxPduSize)
                  200033c2    00000002     periodic_communication.o (.data.xrpm)
                  200033c4    00000002     OneLib.a : ll.o (.data)
                  200033c6    00000002              : ll_config.o (.data)
                  200033c8    00000002     StackWrapper.a : osal_cbtimer.o (.data)
                  200033ca    00000001     battery_profile.o (.data.Battery_Battery_TemperatureProps)
                  200033cb    00000001     battery_profile.o (.data.Battery_Battery_VoltageProps)
                  200033cc    00000001     controller_profile.o (.data.Controller_Error_CodeProps)
                  200033cd    00000001     controller_profile.o (.data.Controller_Heat_Sink_TemperatureProps)
                  200033ce    00000001     controller_profile.o (.data.Controller_Instant_EconomyProps)
                  200033cf    00000001     controller_profile.o (.data.Controller_Motor_RPM_Props)
                  200033d0    00000001     controller_profile.o (.data.Controller_Motor_SpeedProps)
                  200033d1    00000001     controller_profile.o (.data.Controller_Motor_TemperatureProps)
                  200033d2    00000001     controller_profile.o (.data.Controller_Overall_EfficiencyProps)
                  200033d3    00000001     controller_profile.o (.data.Controller_RangeProps)
                  200033d4    00000001     controller_profile.o (.data.Controller_Total_Distance_TravelledProps)
                  200033d5    00000001     controller_profile.o (.data.Controller_Total_Energy_ConsumptionProps)
                  200033d6    00000001     controller_profile.o (.data.Controller_VoltageProps)
                  200033d7    00000001     controller_profile.o (.data.Controller_co2SavedProps)
                  200033d8    00000001     dashboard_profile.o (.data.Dashboard_ADCounterProps)
                  200033d9    00000001     dashboard_profile.o (.data.Dashboard_Device_UpTimeProps)
                  200033da    00000001     dashboard_profile.o (.data.Dashboard_Error_CodeProps)
                  200033db    00000001     dashboard_profile.o (.data.Dashboard_Light_ModeProps)
                  200033dc    00000001     dashboard_profile.o (.data.Dashboard_Light_StatusProps)
                  200033dd    00000001     dashboard_profile.o (.data.Dashboard_Power_On_TimeProps)
                  200033de    00000001     dashboard_profile.o (.data.Dashboard_Speed_ModeProps)
                  200033df    00000001     nvocmp.o (.data.NVOCMP_failF)
                  200033e0    00000001     drivers_cc26x2x7.a : PKAResourceCC26XX.c.obj (.data.PKAResourceCC26XX_pollingFlag)
                  200033e1    00000001     STM32MCP.o (.data.STM32MCP_regControlModeVal)
                  200033e2    00000001     STM32MCP.o (.data.STM32MCP_regStatusVal)
                  200033e3    00000001     STM32MCP.o (.data.STM32MCP_regTargetMotorVal)
                  200033e4    00000001     UDHAL_ADC.o (.data.adc_brake_status)
                  200033e5    00000001     UDHAL_ADC.o (.data.adc_convert_status)
                  200033e6    00000001     UDHAL_ADC.o (.data.adc_throttle_status)
                  200033e7    00000001     rf_multiMode_cc26x2.a : rf_patch_cpe_bt5.c.cc26x2.ticlang.o (.data.bBt5PatchEntered)
                  200033e8    00000001     ESCOOTER_BOOT.o (.data.bootReady)
                  200033e9    00000001     buzzer.o (.data.buzzerStart)
                  200033ea    00000001     devinfoservice.o (.data.devInfoFirmwareRevProps)
                  200033eb    00000001     devinfoservice.o (.data.devInfoMfrNameProps)
                  200033ec    00000001     devinfoservice.o (.data.devInfoModelNumberProps)
                  200033ed    00000001     devinfoservice.o (.data.devInfoSerialNumberProps)
                  200033ee    00000001     ESCOOTER_BOOT.o (.data.howToBoot)
                  200033ef    00000001     drivers_cc26x2x7.a : GPIOCC26X2.c.obj (.data.initCalled)
                  200033f0    00000001                        : ADC.c.obj (.data.isInitialized)
                  200033f1    00000001                        : AESCCMCC26XX.c.obj (.data.isInitialized)
                  200033f2    00000001                        : AESCTRDRBGXX.c.obj (.data.isInitialized)
                  200033f3    00000001                        : AESECBCC26XX.c.obj (.data.isInitialized)
                  200033f4    00000001                        : CryptoResourceCC26XX.c.obj (.data.isInitialized)
                  200033f5    00000001                        : ECDHCC26X2.c.obj (.data.isInitialized)
                  200033f6    00000001                        : NVS.c.obj (.data.isInitialized)
                  200033f7    00000001                        : PKAResourceCC26XX.c.obj (.data.isInitialized)
                  200033f8    00000001                        : PWM.c.obj (.data.isInitialized)
                  200033f9    00000001     STM32MCP.o (.data.node)
                  200033fa    00000001     UDHAL_Timer3.o (.data.timer3_count)
                  200033fb    00000001     UDHAL_UART.o (.data.uartOpenStatus)
                  200033fc    00000001     OneLib.a : gapgattserver.o (.data)
                  200033fd    00000001              : gapgattserver.o (.data)
                  200033fe    00000001              : gapgattserver.o (.data)
                  200033ff    00000001              : gapgattserver.o (.data)
                  20003400    00000001              : gapgattserver.o (.data)
                  20003401    00000001              : gapgattserver.o (.data)
                  20003402    00000001              : gattservapp.o (.data)
                  20003403    00000001              : gattservapp.o (.data)
                  20003404    00000001              : ll.o (.data)
                  20003405    00000001              : ll_ae.o (.data)
                  20003406    00000001              : ll_data.o (.data)
                  20003407    00000001              : ll_scheduler.o (.data)
                  20003408    00000001              : sm_task.o (.data)
                  20003409    00000001     StackWrapper.a : gap.o (.data)
                  2000340a    00000001                    : gap.o (.data)
                  2000340b    00000001                    : hal_assert.o (.data)

.bss       0    20003410    0000256e     UNINITIALIZED
                  20003410    00000400     (.common:gptTaskStack)
                  20003810    00000400     (.common:spTaskStack)
                  20003c10    00000300     (.common:ti_sysbios_knl_Idle_taskStack)
                  20003f10    000002c0     rf_multiMode_cc26x2.a : RFCC26X2_multiMode.c.cc26x2.ticlang.o (.bss.RF_cmdPool)
                  200041d0    00000200     (.common:mpbTaskStack)
                  200043d0    00000200     (.common:potTaskStack)
                  200045d0    00000170     (.common:uart2CC26X2Objects)
                  20004740    00000140     (.common:i2cCC26xxObjects)
                  20004880    00000100     OneLib.a : ll.o (.bss)
                  20004980    000000e4     (.common:gptimerCC26XXObjects)
                  20004a64    000000d8     (.common:ti_sysbios_family_arm_m3_Hwi_dispatchTable)
                  20004b3c    000000a4     (.common:aesctrdrbgXXObjects)
                  20004be0    00000084     (.common:trngCC26XXObjects)
                  20004c64    0000007c     (.common:gpioCallbackFunctions)
                  20004ce0    0000007c     (.common:gpioUserArgs)
                  20004d5c    00000078     StackWrapper.a : osal_cbtimer.o (.bss)
                  20004dd4    00000004     led_display.o (.bss.led_display_ledDisplayManager)
                  20004dd8    00000068     rf_multiMode_cc26x2.a : RFCC26X2_multiMode.c.cc26x2.ticlang.o (.bss.RF_ratModule)
                  20004e40    00000060     (.common:pwmTimerCC26XXObjects)
                  20004ea0    00000060     (.common:ti_sysbios_knl_ClockSupport_timerStruct)
                  20004f00    00000058     (.common:gptTask)
                  20004f58    00000058     (.common:mpbTask)
                  20004fb0    00000058     (.common:potTask)
                  20005008    00000058     (.common:spTask)
                  20005060    00000058     (.common:ti_sysbios_knl_Idle_taskStruct)
                  200050b8    00000050     drivers_cc26x2x7.a : ADCCC26XX.c.obj (.bss.adcSemaphore)
                  20005108    00000050     (.common:CryptoResourceCC26XX_accessSemaphore)
                  20005158    00000050     (.common:CryptoResourceCC26XX_operationSemaphore)
                  200051a8    00000050     (.common:PKAResourceCC26XX_accessSemaphore)
                  200051f8    00000050     (.common:PKAResourceCC26XX_operationSemaphore)
                  20005248    00000048     icall.o (.bss.ICall_entities)
                  20005290    00000044     rf_multiMode_cc26x2.a : RFCC26X2_multiMode.c.cc26x2.ticlang.o (.bss.RF_clkInactivityObj)
                  200052d4    00000044                           : RFCC26X2_multiMode.c.cc26x2.ticlang.o (.bss.RF_clkPowerUpObj)
                  20005318    0000003c                           : RFCC26X2_multiMode.c.cc26x2.ticlang.o (.bss.RF_swiHwObj)
                  20005354    0000003c     StackWrapper.a : osal_snv_wrapper.o (.bss)
                  20005390    00000030     (.common:CCVArray)
                  200053c0    00000030     (.common:ti_sysbios_knl_Swi_readyQs)
                  200053f0    00000030     (.common:ti_sysbios_knl_Task_readyQs)
                  20005420    0000002e     (.common:NVOCMP_nvHandle)
                  2000544e    00000002     OneLib.a : gapgattserver.o (.bss)
                  20005450    00000028     (.common:aesecbCC26XXObjects)
                  20005478    00000024     simple_peripheral.o (.bss.clkRpaRead)
                  2000549c    00000024     ti_sysbios_config.o (.bss.clockStruct)
                  200054c0    00000024     OneLib.a : ll.o (.bss)
                  200054e4    00000020     ti_drivers_config.o (.bss.uart2RxRingBuffer0)
                  20005504    00000020     ti_drivers_config.o (.bss.uart2TxRingBuffer0)
                  20005524    00000020     OneLib.a : gattservapp.o (.bss)
                  20005544    00000020     StackWrapper.a : gapbondmgr.o (.bss)
                  20005564    00000020                    : gapbondmgr.o (.bss)
                  20005584    00000020     (.common:ecdhCC26X2Objects)
                  200055a4    00000020     (.common:ti_sysbios_runtime_System_atexitHandlers)
                  200055c4    00000020     (.common:udmaCC26XXObject)
                  200055e4    0000001c     drivers_cc26x2x7.a : GPIOCC26X2.c.obj (.bss.gpioHwi)
                  20005600    0000001c     (.common:BIOS_heapCallbackObject)
                  2000561c    0000001c     (.common:BIOS_rtsGate)
                  20005638    0000001c     (.common:CryptoResourceCC26XX_hwi)
                  20005654    0000001c     (.common:DCVArray)
                  20005670    0000001c     (.common:PKAResourceCC26XX_hwi)
                  2000568c    00000018     OneLib.a : gapgattserver.o (.bss)
                  200056a4    00000018     (.common:aesccmCC26XXObjects)
                  200056bc    00000018     (.common:params_buzzer)
                  200056d4    00000018     (.common:params_headlight)
                  200056ec    00000014     drivers_cc26x2x7.a : Random.c.obj (.bss.state)
                  20005700    00000014     (.common:BCVArray)
                  20005714    00000014     (.common:powerNotifyObj)
                  20005728    00000014     (.common:ti_sysbios_hal_Seconds_Module_state)
                  2000573c    00000010     (.common:i2cParams)
                  2000574c    0000000c     OneLib.a : ll.o (.bss)
                  20005758    0000000c              : ll.o (.bss)
                  20005764    0000000c              : ll_scheduler.o (.bss)
                  20005770    00000008              : ll.o (.bss)
                  20005778    00000008              : ll.o (.bss)
                  20005780    00000008              : ll_ae.o (.bss)
                  20005788    00000008     StackWrapper.a : gapbondmgr.o (.bss)
                  20005790    00000008     (.common:params_brake)
                  20005798    00000008     (.common:params_throttle)
                  200057a0    00000006     (.common:RPM_array)
                  200057a6    00000006     (.common:throttleADCSamples)
                  200057ac    00000005     (.common:UDHAL_sysFatalError)
                  200057b1    00000003     (.common:writeBuffer)
                  200057b4    00000004     data_analytics.o (.bss.lenConvFactorDash)
                  200057b8    00000004     snv_internal.o (.bss.ptrReadBuffer)
                  200057bc    00000004     buzzer.o (.bss.ptr_buzzer_buzzerStatus)
                  200057c0    00000004     lights.o (.bss.ptr_charVal)
                  200057c4    00000004     data_analytics.o (.bss.ptr_da_charVal)
                  200057c8    00000004     periodic_communication.o (.bss.ptr_systemFatalError)
                  200057cc    00000004     drivers_cc26x2x7.a : ECDHCC26X2.c.obj (.bss.resultPKAMemAddr)
                  200057d0    00000004     multi_purpose_button.o (.bss.timerPeriod)
                  200057d4    00000004     veml6030.o (.bss.veml6030_ALSManager)
                  200057d8    00000004     OneLib.a : gapgattserver.o (.bss)
                  200057dc    00000004              : gatt_client.o (.bss)
                  200057e0    00000004              : gattservapp.o (.bss)
                  200057e4    00000004              : linkdb.o (.bss)
                  200057e8    00000004              : linkdb.o (.bss)
                  200057ec    00000004              : ll.o (.bss)
                  200057f0    00000004              : ll.o (.bss)
                  200057f4    00000004              : ll.o (.bss)
                  200057f8    00000004              : ll.o (.bss)
                  200057fc    00000004              : ll.o (.bss)
                  20005800    00000004              : ll_ae.o (.bss)
                  20005804    00000004              : ll_common.o (.bss)
                  20005808    00000004              : ll_enc.o (.bss)
                  2000580c    00000004              : ll_privacy.o (.bss)
                  20005810    00000004              : ll_scheduler.o (.bss)
                  20005814    00000004     StackWrapper.a : gapbondmgr.o (.bss)
                  20005818    00000004                    : gapbondmgr.o (.bss)
                  2000581c    00000004                    : osal.o (.bss)
                  20005820    00000004                    : osal.o (.bss)
                  20005824    00000004                    : osal.o (.bss)
                  20005828    00000004                    : osal.o (.bss)
                  2000582c    00000004                    : osal.o (.bss)
                  20005830    00000004                    : osal.o (.bss)
                  20005834    00000004                    : osal_bufmgr.o (.bss)
                  20005838    00000004                    : osal_bufmgr.o (.bss)
                  2000583c    00000004                    : osal_clock.o (.bss)
                  20005840    00000004                    : osal_clock.o (.bss)
                  20005844    00000004                    : osal_timers.o (.bss)
                  20005848    00000004                    : osal_timers.o (.bss)
                  2000584c    00000004                    : osal_timers.o (.bss)
                  20005850    00000004     (.common:HEAPMGR_SIZE)
                  20005854    00000004     (.common:PowerCC26XX_swiKey)
                  20005858    00000004     (.common:PowerCC26XX_taskKey)
                  2000585c    00000004     (.common:adcCC26xxObjects)
                  20005860    00000004     (.common:adcValues)
                  20005864    00000004     (.common:adc_brake)
                  20005868    00000004     (.common:adc_throttle)
                  2000586c    00000004     (.common:co2Saved_g)
                  20005870    00000004     (.common:dIQ)
                  20005874    00000004     (.common:deltaMileage_dm)
                  20005878    00000004     (.common:deltaPowerConsumption_mWh)
                  2000587c    00000004     (.common:drpm)
                  20005880    00000004     (.common:drpmdIQ)
                  20005884    00000004     (.common:mpb_timerManager)
                  20005888    00000004     (.common:ptr_MCUDArray)
                  2000588c    00000004     (.common:ptr_adcValues)
                  20005890    00000004     (.common:ptr_bat_ADArray)
                  20005894    00000004     (.common:ptr_bat_MCUDArray)
                  20005898    00000004     (.common:ptr_bat_STM32MCPDArray)
                  2000589c    00000004     (.common:ptr_bat_errorPriority)
                  200058a0    00000004     (.common:ptr_bat_profileCharVal)
                  200058a4    00000004     (.common:ptr_buzzer_errorPriority)
                  200058a8    00000004     (.common:ptr_da_profileCharVal)
                  200058ac    00000004     (.common:ptr_gpt_advertiseFlag)
                  200058b0    00000004     (.common:ptr_gpt_opcode)
                  200058b4    00000004     (.common:ptr_led_advertiseFlag)
                  200058b8    00000004     (.common:ptr_led_opcode)
                  200058bc    00000004     (.common:ptr_lights_STM32MCPDArray)
                  200058c0    00000004     (.common:ptr_lights_flagb)
                  200058c4    00000004     (.common:ptr_lights_profileCharVal)
                  200058c8    00000004     (.common:ptr_pc_MCUDArray)
                  200058cc    00000004     (.common:ptr_pot_charVal)
                  200058d0    00000004     (.common:ptr_pot_initComplete_flag)
                  200058d4    00000004     (.common:ptr_pot_powerOn)
                  200058d8    00000004     (.common:ptr_pot_profileCharVal)
                  200058dc    00000004     (.common:ptr_snvWriteFlag)
                  200058e0    00000004     (.common:ptr_sp_POWER_ON)
                  200058e4    00000004     (.common:ptr_sp_profileCharVal)
                  200058e8    00000004     (.common:pwmBUZduty)
                  200058ec    00000004     (.common:pwmHLduty)
                  200058f0    00000004     (.common:resetUDDataCounter)
                  200058f4    00000004     (.common:resolution)
                  200058f8    00000004     (.common:sumDeltaMileage_dm)
                  200058fc    00000004     (.common:sumDeltaPowerConsumed_mWh)
                  20005900    00000004     (.common:tasksEvents)
                  20005904    00000004     (.common:ti_sysbios_family_arm_cc26xx_TimestampProvider_Module_state)
                  20005908    00000004     (.common:ti_sysbios_knl_Task_defaultStackHeap)
                  2000590c    00000004     (.common:totalMileage0_dm)
                  20005910    00000004     (.common:totalMileagePrev_dm)
                  20005914    00000004     (.common:totalPowerConsumed0_mWh)
                  20005918    00000004     (.common:totalPowerConsumedPrev_mWh)
                  2000591c    00000002     OneLib.a : ll.o (.bss)
                  2000591e    00000002              : ll_slave_end_causes.o (.bss)
                  20005920    00000002     StackWrapper.a : osal_pwrmgr.o (.bss)
                  20005922    00000002     (.common:Hightreshold)
                  20005924    00000002     (.common:IQ_input)
                  20005926    00000002     (.common:Lowtreshold)
                  20005928    00000002     (.common:RPM_prev)
                  2000592a    00000002     (.common:RPM_temp)
                  2000592c    00000002     (.common:allowableRPM)
                  2000592e    00000002     (.common:avgPhaseCurrent_mA)
                  20005930    00000002     (.common:avgPhaseVoltage_mV)
                  20005932    00000002     (.common:brakePercent)
                  20005934    00000002     (.common:lights_PWMDuty)
                  20005936    00000002     (.common:payloadVoltage)
                  20005938    00000002     (.common:rawSpeed_100kph)
                  2000593a    00000002     (.common:readBuffer)
                  2000593c    00000002     (.common:throttlePercent)
                  2000593e    00000001     OneLib.a : gap_scanner.o (.bss)
                  2000593f    00000001              : gapgattserver.o (.bss)
                  20005940    00000001              : gattservapp.o (.bss)
                  20005941    00000001              : hci_tl.o (.bss)
                  20005942    00000001              : hci_tl.o (.bss)
                  20005943    00000001              : hci_tl.o (.bss)
                  20005944    00000001              : hci_tl.o (.bss)
                  20005945    00000001              : hci_tl.o (.bss)
                  20005946    00000001              : hci_tl.o (.bss)
                  20005947    00000001              : ll.o (.bss)
                  20005948    00000001              : ll.o (.bss)
                  20005949    00000001              : ll.o (.bss)
                  2000594a    00000001              : ll.o (.bss)
                  2000594b    00000001              : ll_ae.o (.bss)
                  2000594c    00000001              : ll_config.o (.bss)
                  2000594d    00000001              : ll_config.o (.bss)
                  2000594e    00000001              : ll_enc.o (.bss)
                  2000594f    00000001              : ll_isr.o (.bss)
                  20005950    00000001              : sm_task.o (.bss)
                  20005951    00000001     StackWrapper.a : ble_dispatch_lite.o (.bss)
                  20005952    00000001                    : gapbondmgr.o (.bss)
                  20005953    00000001                    : gapbondmgr.o (.bss)
                  20005954    00000001                    : hal_assert.o (.bss)
                  20005955    00000001                    : osal.o (.bss)
                  20005956    00000001                    : osal_pwrmgr.o (.bss)
                  20005957    00000001     (.common:BLE_flash_status)
                  20005958    00000001     (.common:NVOCMP_size)
                  20005959    00000001     (.common:N_data_analytics)
                  2000595a    00000001     (.common:batteryStatus)
                  2000595b    00000001     (.common:battery_bar1_status)
                  2000595c    00000001     (.common:controller_error_code)
                  2000595d    00000001     (.common:dashSpeed)
                  2000595e    00000001     (.common:debug_shutdown)
                  2000595f    00000001     (.common:gAction)
                  20005960    00000001     (.common:ledBLESelect_old)
                  20005961    00000001     (.common:ledBLEStatus)
                  20005962    00000001     (.common:ledBatteryStatus)
                  20005963    00000001     (.common:ledBatteryStatus_old)
                  20005964    00000001     (.common:ledBrightness)
                  20005965    00000001     (.common:ledBrightness_old)
                  20005966    00000001     (.common:ledLightMode)
                  20005967    00000001     (.common:ledLightMode_old)
                  20005968    00000001     (.common:ledLightStatus)
                  20005969    00000001     (.common:ledLightStatus_old)
                  2000596a    00000001     (.common:ledPower_old)
                  2000596b    00000001     (.common:ledSetpower)
                  2000596c    00000001     (.common:ledSpeed)
                  2000596d    00000001     (.common:ledSpeedMode)
                  2000596e    00000001     (.common:ledSpeedModeSelect_old)
                  2000596f    00000001     (.common:ledSpeed_old)
                  20005970    00000001     (.common:ledUnitSelectDash)
                  20005971    00000001     (.common:ledUnitSelect_old)
                  20005972    00000001     (.common:led_controlLaw)
                  20005973    00000001     (.common:led_controlLaw_ledStatus)
                  20005974    00000001     (.common:led_controlLaw_old)
                  20005975    00000001     (.common:led_display_i2cTransferStatus)
                  20005976    00000001     (.common:led_error_code_old)
                  20005977    00000001     (.common:led_error_priority)
                  20005978    00000001     (.common:light_mode)
                  20005979    00000001     (.common:light_mode_Index)
                  2000597a    00000001     (.common:nvsCC26XXObjects)
                  2000597b    00000001     (.common:pwm_openStatus)
                  2000597c    00000001     (.common:speedMode)
                  2000597d    00000001     (.common:veml6030_i2cTransferStatus)

.vtable    0    2000597e    00000000     UNINITIALIZED

.vtable_ram 
*          0    2000597e    00000000     UNINITIALIZED

vtable_ram 
*          0    2000597e    00000000     UNINITIALIZED

.sysmem    0    2000597e    00000000     UNINITIALIZED

.nonretenvar 
*          0    2000597e    00000000     UNINITIALIZED

.ramVecs   0    20005a00    000000d8     UNINITIALIZED
                  20005a00    000000d8     ti_sysbios_config.o (.ramVecs)

.stack     0    20023c00    00000400     UNINITIALIZED
                  20023c00    00000004     sysbios.a : boot_cortex_m.c.obj (.stack)
                  20023c04    000003fc     --HOLE--

.TI.bound:flashBuf0 
*          0    00048000    00004000     UNINITIALIZED
                  00048000    00004000     ti_drivers_config.o (.TI.bound:flashBuf0)

.TI.bound:dmaUart0RxControlTableEntry 
*          0    20001810    00000010     UNINITIALIZED
                  20001810    00000010     ti_drivers_config.o (.TI.bound:dmaUart0RxControlTableEntry)

.TI.bound:dmaUart0TxControlTableEntry 
*          0    20001820    00000010     UNINITIALIZED
                  20001820    00000010     ti_drivers_config.o (.TI.bound:dmaUart0TxControlTableEntry)

.text      0    00000040    000236ac     
                  00000040    00000b40     StackWrapper.a : gapbondmgr.o (.text)
                  00000b80    00000a9c     simple_peripheral.o (.text.SimplePeripheral_taskFxn)
                  0000161c    00000004     drivers_cc26x2x7.a : AESCTRDRBGXX.c.obj (.text.AESCTRDRBG_getBytes)
                  00001620    00000a8c     libc.a : e_pow.c.obj (.text.pow)
                  000020ac    0000074c     OneLib.a : ll_adv_end_causes.o (.text)
                  000027f8    00000724     libc.a : k_rem_pio2.c.obj (.text.__kernel_rem_pio2)
                  00002f1c    000006f4     StackWrapper.a : gapbondmgr.o (.text)
                  00003610    00000528     libc.a : s_sin.c.obj (.text.sin)
                  00003b38    00000520     brake_and_throttle.o (.text.brake_and_throttle_ADC_conversion)
                  00004058    00000510     OneLib.a : ble.o (.text)
                  00004568    000004ec              : ll_ae.o (.text)
                  00004a54    00000498              : ll_isr.o (.text)
                  00004eec    00000490     rf_multiMode_cc26x2.a : RFCC26X2_multiMode.c.cc26x2.ticlang.o (.text.RF_fsmActiveState)
                  0000537c    00000458     OneLib.a : ll.o (.text)
                  000057d4    00000458              : ll_slave_end_causes.o (.text)
                  00005c2c    00000424              : ll_scheduler.o (.text)
                  00006050    00000408              : ll_slave_end_causes.o (.text)
                  00006458    000003a4              : ll_scheduler.o (.text)
                  000067fc    00000342              : ll_ae.o (.text)
                  00006b3e    00000002     ti_sysbios_config.o (.text.BIOS_nullFunc)
                  00006b40    00000338     OneLib.a : ll_ae.o (.text)
                  00006e78    00000330     data_analytics.o (.text.data_analytics)
                  000071a8    000002b0     StackWrapper.a : gapbondmgr.o (.text)
                  00007458    000002ac     OneLib.a : ll.o (.text)
                  00007704    000002a8     nvocmp.o (.text.NVOCMP_initNvApi)
                  000079ac    000002a8     rf_multiMode_cc26x2.a : RFCC26X2_multiMode.c.cc26x2.ticlang.o (.text.RF_open)
                  00007c54    00000284     nvocmp.o (.text.NVOCMP_compactPage)
                  00007ed8    00000284     OneLib.a : ll_common.o (.text)
                  0000815c    00000274              : ll_ae.o (.text)
                  000083d0    00000268              : ll_isr.o (.text)
                  00008638    0000025c     StackWrapper.a : gapbondmgr.o (.text)
                  00008894    00000250     OneLib.a : ll_isr.o (.text)
                  00008ae4    0000024c     nvocmp.o (.text.NVOCMP_addItem)
                  00008d30    00000234     OneLib.a : ll_data.o (.text)
                  00008f64    00000220     drivers_cc26x2x7.a : ECDHCC26X2.c.obj (.text.ECDHCC26X2_hwiFxn)
                  00009184    00000204     icall.o (.text.ICall_waitMatch)
                  00009388    00000204     OneLib.a : gattservapp.o (.text)
                  0000958c    000001f4              : ll.o (.text)
                  00009780    000001f0     drivers_cc26x2x7.a : UART2CC26X2.c.obj (.text.UART2CC26X2_hwiIntFxn)
                  00009970    000001e8     rf_multiMode_cc26x2.a : RFCC26X2_multiMode.c.cc26x2.ticlang.o (.text.RF_scheduleCmd)
                  00009b58    000001e0     StackWrapper.a : osal.o (.text)
                  00009d38    000001dc     rf_multiMode_cc26x2.a : RFCC26X2_multiMode.c.cc26x2.ticlang.o (.text.RF_dispatchNextCmd)
                  00009f14    000001d4     drivers_cc26x2x7.a : UART2.c.obj (.text.UART2_readTimeout)
                  0000a0e8    000001bc     ble_user_config_stack.o (.text.setBleUserConfig)
                  0000a2a4    000001bc     OneLib.a : ll_scheduler.o (.text)
                  0000a460    000001b6     libclang_rt.builtins.a : adddf3.S.obj (.text.adddf3_subdf3)
                  0000a616    00000002     ti_drivers_config.o (.text.Board_initHook)
                  0000a618    000001a8     data_analytics.o (.text.data_analytics_init)
                  0000a7c0    000001a4     OneLib.a : ll_isr.o (.text)
                  0000a964    000001a0     drivers_cc26x2x7.a : AESECBCC26XX.c.obj (.text.AESECB_addDataInternal)
                  0000ab04    00000198     data_analytics.o (.text.data_analytics_Main)
                  0000ac9c    00000198     OneLib.a : ll_common.o (.text)
                  0000ae34    00000194     drivers_cc26x2x7.a : PowerCC26X2_calibrateRCOSC.c.obj (.text.PowerCC26X2_auxISR)
                  0000afc8    0000018c                        : UART2CC26X2.c.obj (.text.UART2_open)
                  0000b154    0000018c     OneLib.a : gap_task.o (.text)
                  0000b2e0    00000188     drivers_cc26x2x7.a : AESCCMCC26XX.c.obj (.text.AESCCM_startOperation)
                  0000b468    00000188     OneLib.a : ll_ae.o (.text)
                  0000b5f0    0000017c     drivers_cc26x2x7.a : ECDHCC26X2.c.obj (.text.ECDH_computeSharedSecret)
                  0000b76c    00000178     OneLib.a : gattservapp.o (.text)
                  0000b8e4    00000174     drivers_cc26x2x7.a : UART2.c.obj (.text.UART2_writeTimeoutBlocking)
                  0000ba58    00000174     OneLib.a : ll_scheduler.o (.text)
                  0000bbcc    00000004     drivers_cc26x2x7.a : AESCTRCC26XX.c.obj (.text.AESCTR_releaseLock)
                  0000bbd0    00000170     libc.a : k_sin.c.obj (.text.__kernel_sin)
                  0000bd40    0000016c     OneLib.a : ll_ae.o (.text)
                  0000beac    00000004     ti_sysbios_config.o (.text.ClockP_destruct)
                  0000beb0    00000168     libc.a : k_cos.c.obj (.text.__kernel_cos)
                  0000c018    00000168            : e_sqrt.c.obj (.text.sqrt)
                  0000c180    00000164     veml6030.o (.text.veml6030_calculateLux)
                  0000c2e4    00000158     drivers_cc26x2x7.a : AESCTRCC26XX.c.obj (.text.AESCTR_processData)
                  0000c43c    00000158                        : PowerCC26X2.c.obj (.text.Power_sleep)
                  0000c594    00000150     OneLib.a : ll_ae.o (.text)
                  0000c6e4    00000150              : ll_isr.o (.text)
                  0000c834    0000014c     rf_multiMode_cc26x2.a : RFCC26X2_multiMode.c.cc26x2.ticlang.o (.text.RF_radioOpDoneCb)
                  0000c980    00000144     StackWrapper.a : osal.o (.text)
                  0000cac4    00000140     OneLib.a : gattservapp.o (.text)
                  0000cc04    00000140     StackWrapper.a : gap.o (.text)
                  0000cd44    0000013c     drivers_cc26x2x7.a : I2CCC26XX.c.obj (.text.I2C_open)
                  0000ce80    00000138     rf_multiMode_cc26x2.a : RFCC26X2_multiMode.c.cc26x2.ticlang.o (.text.RF_abortCmd)
                  0000cfb8    00000136     libclang_rt.builtins.a : divdf3.S.obj (.text.__divdf3)
                  0000d0ee    00000002     ble_user_config.o (.text.DefaultAssertCback)
                  0000d0f0    00000134     rf_multiMode_cc26x2.a : RFCC26X2_multiMode.c.cc26x2.ticlang.o (.text.RF_ratSetupChannel)
                  0000d224    00000130     OneLib.a : l2cap_util.o (.text)
                  0000d354    0000012c     general_purpose_timer.o (.text.GeneralPurposeTimer_taskFxn)
                  0000d480    0000012c     rf_multiMode_cc26x2.a : RFCC26X2_multiMode.c.cc26x2.ticlang.o (.text.RF_close)
                  0000d5ac    0000012c     drivers_cc26x2x7.a : TRNGCC26XX.c.obj (.text.TRNGCC26XX_hwiFxn)
                  0000d6d8    0000012c     motor_control.o (.text.motorcontrol_rxMsgCb)
                  0000d804    00000128     OneLib.a : ll_isr.o (.text)
                  0000d92c    00000126     drivers_cc26x2x7.a : I2C.c.obj (.text.I2C_transferTimeout)
                  0000da52    00000002                        : I2C.c.obj (.text.I2C_init)
                  0000da54    00000124     rf_multiMode_cc26x2.a : RFCC26X2_multiMode.c.cc26x2.ticlang.o (.text.RF_fsmSetupState)
                  0000db78    00000120     controller_profile.o (.text.Controller_SetParameter)
                  0000dc98    00000120     nvocmp.o (.text.NVOCMP_findItem)
                  0000ddb8    00000120     libc.a : s_floor.c.obj (.text.floor)
                  0000ded8    00000120     ti_sysbios_config.o (.text.ti_sysbios_family_arm_cc26xx_Timer_construct)
                  0000dff8    00000120     OneLib.a : ll_data.o (.text)
                  0000e118    0000011c     sysbios.a : Hwi_asm_gcc.s.obj (.text.ti_sysbios_family_arm_m3_Hwi_dispatch)
                  0000e234    00000118     drivers_cc26x2x7.a : PowerCC26X2.c.obj (.text.Power_init)
                  0000e34c    00000118     rf_multiMode_cc26x2.a : RFCC26X2_multiMode.c.cc26x2.ticlang.o (.text.RF_decodeOverridePointers)
                  0000e464    00000118     drivers_cc26x2x7.a : UART2.c.obj (.text.UART2_writeTimeoutNonblocking)
                  0000e57c    0000010c                        : ECDHCC26X2.c.obj (.text.ECDH_generatePublicKey)
                  0000e688    0000010c                        : PowerCC26X2_calibrateRCOSC.c.obj (.text.PowerCC26X2_calibrate)
                  0000e794    00000004     ti_sysbios_config.o (.text.ClockP_getSystemTickPeriod)
                  0000e798    0000010c     libc.a : s_scalbn.c.obj (.text.scalbn)
                  0000e8a4    0000010a     OneLib.a : gatt_client.o (.text)
                  0000e9ae    00000002     rom_init.o (.text.MAP_HCI_CteRequestFailedEvent)
                  0000e9b0    00000108     drivers_cc26x2x7.a : NVSCC26XX.c.obj (.text.NVSCC26XX_write)
                  0000eab8    00000108     rf_multiMode_cc26x2.a : RFCC26X2_multiMode.c.cc26x2.ticlang.o (.text.RF_fsmPowerUpState)
                  0000ebc0    00000104     drivers_cc26x2x7.a : GPIOCC26X2.c.obj (.text.GPIO_init)
                  0000ecc4    00000104                        : UART2CC26X2.c.obj (.text.UART2CC26X2_initHw)
                  0000edc8    00000102                        : AESCTRDRBGXX.c.obj (.text.AESCTRDRBG_getRandomBytes)
                  0000eeca    000000fe     OneLib.a : ll_scheduler.o (.text)
                  0000efc8    000000fc     rf_multiMode_cc26x2.a : RFCC26X2_multiMode.c.cc26x2.ticlang.o (.text.RF_hwiCpe0Active)
                  0000f0c4    000000fc     libclang_rt.builtins.a : muldf3.S.obj (.text.__muldf3)
                  0000f1c0    000000f8     drivers_cc26x2x7.a : ADCCC26XX.c.obj (.text.ADCCC26XX_convertChain)
                  0000f2b8    000000f8     brake_and_throttle.o (.text.brake_and_throttle_toggleSpeedMode)
                  0000f3b0    000000f8     OneLib.a : ll_scheduler.o (.text)
                  0000f4a8    000000f8              : sm_rsppairing.o (.text)
                  0000f5a0    000000f4     controller_profile.o (.text.Controller_ReadAttrCB)
                  0000f694    000000f4     drivers_cc26x2x7.a : TRNGCC26XX.c.obj (.text.TRNG_getRandom)
                  0000f788    000000f0     driverlib.lib : sys_ctrl.c.obj (.text.NOROM_SysCtrlStandby)
                  0000f878    000000f0     drivers_cc26x2x7.a : UART2CC26X2.c.obj (.text.UART2Support_dmaStartRx)
                  0000f968    000000f0     data_analytics.o (.text.computeBatteryPercentage)
                  0000fa58    000000f0     OneLib.a : ll_ae.o (.text)
                  0000fb48    000000ec              : gap_advertiser.o (.text)
                  0000fc34    000000ec              : ll_common.o (.text)
                  0000fd20    000000ec              : ll_common.o (.text)
                  0000fe0c    000000ea     led_display.o (.text.LED_Turn_OFF_ALL)
                  0000fef6    00000002     rom_init.o (.text.MAP_LL_SDAA_HandleSDAALastCmdDone)
                  0000fef8    000000e8     drivers_cc26x2x7.a : AESCTRDRBGXX.c.obj (.text.AESCTRDRBG_construct)
                  0000ffe0    000000e6     led_display.o (.text.Brightness)
                  000100c6    00000002     rom_init.o (.text.MAP_LL_SDAA_Init)
                  000100c8    000000e4     drivers_cc26x2x7.a : ADCCC26XX.c.obj (.text.ADCCC26XX_convert)
                  000101ac    000000e4                        : I2CCC26XX.c.obj (.text.I2CCC26XX_hwiFxn)
                  00010290    000000e4     ti_sysbios_config.o (.text.ti_sysbios_knl_Semaphore_pend)
                  00010374    000000e2     OneLib.a : gapgattserver.o (.text)
                  00010456    000000e2              : ll_ae.o (.text)
                  00010538    000000e0     brake_and_throttle.o (.text.brake_and_throttle_getSpeedModeParams)
                  00010618    000000e0     ti_sysbios_config.o (.text.ti_sysbios_knl_Event_pend)
                  000106f8    000000e0     OneLib.a : ll_scheduler.o (.text)
                  000107d8    000000e0     StackWrapper.a : osal_timers.o (.text)
                  000108b8    000000dc     rf_multiMode_cc26x2.a : RFCC26X2_multiMode.c.cc26x2.ticlang.o (.text.RF_control)
                  00010994    000000dc     OneLib.a : ll_ae.o (.text)
                  00010a70    000000d8     ti_ble_config.o (.text.setBondManagerParameters)
                  00010b48    000000d8     ti_sysbios_config.o (.text.ti_sysbios_family_arm_m3_Hwi_excFillContext)
                  00010c20    000000d8     OneLib.a : ll_common.o (.text)
                  00010cf8    000000d6     drivers_cc26x2x7.a : AESCTRDRBGXX.c.obj (.text.AESCTRDRBG_reseed)
                  00010dce    00000002     rom_init.o (.text.MAP_LL_SDAA_RecordTxUsage)
                  00010dd0    000000d4     led_display.o (.text.led_display_changeSpeedMode)
                  00010ea4    000000d0     driverlib.lib : aes.c.obj (.text.NOROM_AESWriteToKeyStore)
                  00010f74    000000d0                   : setup.c.obj (.text.NOROM_SetupTrimDevice)
                  00011044    000000d0     drivers_cc26x2x7.a : PowerCC26X2.c.obj (.text.configureXOSCHF)
                  00011114    000000cc     STM32MCP.o (.text.STM32MCP_flowControlHandler)
                  000111e0    000000cc     ti_sysbios_config.o (.text.ti_sysbios_knl_Clock_workFuncDynamic)
                  000112ac    000000cc     OneLib.a : hci_event.o (.text)
                  00011378    000000cc     StackWrapper.a : osal.o (.text)
                  00011444    000000ca     rf_multiMode_cc26x2.a : RFCC26X2_multiMode.c.cc26x2.ticlang.o (.text.RF_updatePaConfiguration)
                  0001150e    00000002     rom_init.o (.text.MAP_LL_SDAA_SampleRXWindow)
                  00011510    000000c8     controller_profile.o (.text.Controller_AddService)
                  000115d8    000000c8     ti_sysbios_config.o (.text.clock_gettime)
                  000116a0    000000c8     data_analytics.o (.text.computeAvgVoltages)
                  00011768    000000c8     OneLib.a : gap_scanner.o (.text)
                  00011830    000000c8              : ll.o (.text)
                  000118f8    000000c8              : ll_ae.o (.text)
                  000119c0    000000c8              : ll_isr.o (.text)
                  00011a88    000000c4     libc.a : s_round.c.obj (.text.round)
                  00011b4c    000000c4     OneLib.a : gapgattserver.o (.text)
                  00011c10    000000c4              : ll_ae.o (.text)
                  00011cd4    000000c0     dashboard_profile.o (.text.Dashboard_SetParameter)
                  00011d94    000000c0     icall.o (.text.ICall_enrollService)
                  00011e54    00000004     ti_sysbios_config.o (.text.ClockP_getTimeout)
                  00011e58    000000c0     data_analytics.o (.text.data_analytics_sampling)
                  00011f18    000000c0     led_display.o (.text.led_display_changeBatteryStatus)
                  00011fd8    000000c0     OneLib.a : ll.o (.text)
                  00012098    000000c0              : ll_scheduler.o (.text)
                  00012158    000000bc     rf_multiMode_cc26x2.a : RFCC26X2_multiMode.c.cc26x2.ticlang.o (.text.RF_swiHw)
                  00012214    000000bc     drivers_cc26x2x7.a : UART2CC26X2.c.obj (.text.UART2Support_dmaStartTx)
                  000122d0    000000bc     OneLib.a : ble.o (.text)
                  0001238c    000000bc              : ll_ecc.o (.text)
                  00012448    000000b8     dashboard_profile.o (.text.Dashboard_ReadAttrCB)
                  00012500    000000b8     drivers_cc26x2x7.a : GPTimerCC26XX.c.obj (.text.GPTimerCC26XX_open)
                  000125b8    000000b8     power_on_time.o (.text.power_on_time_taskFxn)
                  00012670    000000b8     ti_sysbios_config.o (.text.ti_sysbios_knl_Task_Instance_finalize)
                  00012728    000000b8     ti_sysbios_config.o (.text.ti_sysbios_knl_Task_setPri)
                  000127e0    000000b8     OneLib.a : gap_scanner.o (.text)
                  00012898    000000b8              : ll.o (.text)
                  00012950    000000b8              : ll_slave_end_causes.o (.text)
                  00012a08    000000b8     StackWrapper.a : gattservapp_util.o (.text)
                  00012ac0    000000b4     drivers_cc26x2x7.a : ECDHCC26X2.c.obj (.text.ECDHCC26X2_getKeyResult)
                  00012b74    000000b4     ti_sysbios_config.o (.text.PowerCC26XX_standbyPolicy)
                  00012c28    000000b4     led_display.o (.text.led_display_changeBLE)
                  00012cdc    000000b4     StackWrapper.a : gapbondmgr.o (.text)
                  00012d90    000000b0     drivers_cc26x2x7.a : PowerCC26X2.c.obj (.text.Power_setDependency)
                  00012e40    000000b0     multi_purpose_button.o (.text.mpb_execute_event)
                  00012ef0    000000b0     OneLib.a : ll_enc.o (.text)
                  00012fa0    000000b0     StackWrapper.a : gapbondmgr.o (.text)
                  00013050    000000b0                    : gattservapp_util.o (.text)
                  00013100    000000b0     libclang_rt.builtins.a : udivmoddi4.S.obj (.text)
                  000131b0    000000ac     drivers_cc26x2x7.a : PowerCC26X2.c.obj (.text.Power_releaseDependency)
                  0001325c    000000ac     rf_multiMode_cc26x2.a : RFCC26X2_multiMode.c.cc26x2.ticlang.o (.text.RF_pendCmd)
                  00013308    000000ac     driverlib.lib : setup.c.obj (.text.TrimAfterColdResetWakeupFromShutDown)
                  000133b4    000000ac     StackWrapper.a : gapbondmgr.o (.text)
                  00013460    000000a8     drivers_cc26x2x7.a : PWMTimerCC26XX.c.obj (.text.PWMTimerCC26XX_open)
                  00013508    000000a8     OneLib.a : gattservapp.o (.text)
                  000135b0    000000a8              : hci_data.o (.text)
                  00013658    000000a8              : ll.o (.text)
                  00013700    000000a8              : ll_common.o (.text)
                  000137a8    000000a8     StackWrapper.a : osal_cbtimer.o (.text)
                  00013850    000000a4     drivers_cc26x2x7.a : AESCTRCC26XX.c.obj (.text.AESCTR_startOneStepOperation)
                  000138f4    000000a4     icall.o (.text.ICall_heapMalloc)
                  00013998    000000a4     icall.o (.text.ICall_wait)
                  00013a3c    000000a4     drivers_cc26x2x7.a : PWMTimerCC26XX.c.obj (.text.PWMTimerCC26XX_setDutyAndPeriod)
                  00013ae0    000000a4     rf_multiMode_cc26x2.a : RFCC26X2_multiMode.c.cc26x2.ticlang.o (.text.RF_initRadioSetup)
                  00013b84    000000a4     ti_sysbios_config.o (.text.ti_sysbios_knl_Task_Instance_init)
                  00013c28    000000a4     OneLib.a : ll_ae.o (.text)
                  00013ccc    000000a0     drivers_cc26x2x7.a : I2CCC26XX.c.obj (.text.I2CCC26XX_swiFxn)
                  00013d6c    000000a0     rf_multiMode_cc26x2.a : RFCC26X2_multiMode.c.cc26x2.ticlang.o (.text.RF_calculateDispatchTime)
                  00013e0c    000000a0     OneLib.a : ll_common.o (.text)
                  00013eac    000000a0              : ll_scheduler.o (.text)
                  00013f4c    000000a0              : ll_scheduler.o (.text)
                  00013fec    0000009c     battery_profile.o (.text.Battery_SetParameter)
                  00014088    0000009c     devinfoservice.o (.text.devInfo_ReadAttrCB)
                  00014124    0000009c     libc.a : s_floorf.c.obj (.text.floorf)
                  000141c0    0000009c     OneLib.a : ll_common.o (.text)
                  0001425c    0000009c              : ll_ecc.o (.text)
                  000142f8    0000009c              : ll_isr.o (.text)
                  00014394    0000009a     drivers_cc26x2x7.a : UART2.c.obj (.text.UART2_writeCancel)
                  0001442e    00000002     rom_init.o (.text.MAP_llClearPeriodicAdvSets)
                  00014430    00000098     drivers_cc26x2x7.a : GPTimerCC26XX.c.obj (.text.GPTimerCC26XX_close)
                  000144c8    00000098     nvocmp.o (.text.NVOCMP_erase)
                  00014560    00000098     rf_multiMode_cc26x2.a : RFCC26X2_multiMode.c.cc26x2.ticlang.o (.text.RF_defaultSubmitPolicy)
                  000145f8    00000098     drivers_cc26x2x7.a : UART2CC26X2.c.obj (.text.UART2_close)
                  00014690    00000098     data_analytics.o (.text.computeCO2Saved)
                  00014728    00000098     OneLib.a : gatt_server.o (.text)
                  000147c0    00000098              : gattservapp.o (.text)
                  00014858    00000098              : hci_event.o (.text)
                  000148f0    00000096     rf_multiMode_cc26x2.a : RFCC26X2_multiMode.c.cc26x2.ticlang.o (.text.RF_verifyGap)
                  00014986    00000002     rom_init.o (.text.MAP_llClearPeriodicScanSets)
                  00014988    00000094     battery_profile.o (.text.Battery_ReadAttrCB)
                  00014a1c    00000094     rf_multiMode_cc26x2.a : RFCC26X2_multiMode.c.cc26x2.ticlang.o (.text.RF_ratRestartChannels)
                  00014ab0    00000094     UDHAL_PWM.o (.text.UDHAL_PWM_paramInit)
                  00014b44    00000094     brake_and_throttle.o (.text.brake_and_throttle_init)
                  00014bd8    00000094     ti_sysbios_config.o (.text.ti_sysbios_knl_Clock_startI)
                  00014c6c    00000094     ti_sysbios_config.o (.text.ti_sysbios_knl_Task_sleep)
                  00014d00    00000094     OneLib.a : ll.o (.text)
                  00014d94    00000092              : gap_task.o (.text)
                  00014e26    00000002     rom_init.o (.text.MAP_llCoexInit)
                  00014e28    00000090     drivers_cc26x2x7.a : GPIOCC26XX.c.obj (.text.GPIO_setConfigAndMux)
                  00014eb8    00000090     osal_icall_ble.o (.text.osalInitTasks)
                  00014f48    00000090     OneLib.a : ll.o (.text)
                  00014fd8    00000090              : ll_common.o (.text)
                  00015068    0000008c     drivers_cc26x2x7.a : TRNGCC26XX.c.obj (.text.TRNG_construct)
                  000150f4    00000004     ti_sysbios_config.o (.text.ClockP_isActive)
                  000150f8    0000008c     data_analytics.o (.text.data_analytics_LEDSpeed)
                  00015184    0000008c     ti_sysbios_config.o (.text.ti_sysbios_knl_Clock_init)
                  00015210    0000008c     OneLib.a : ll_ae.o (.text)
                  0001529c    00000088     ESCOOTER_BOOT.o (.text.Boot_Init)
                  00015324    00000088     dashboard_profile.o (.text.Dashboard_WriteAttrCB)
                  000153ac    00000088     rf_multiMode_cc26x2.a : RFCC26X2_multiMode.c.cc26x2.ticlang.o (.text.RF_cmdDispatchTime)
                  00015434    00000088                           : RFCC26X2_multiMode.c.cc26x2.ticlang.o (.text.RF_discardPendCmd)
                  000154bc    00000088     led_display.o (.text.led_display_init)
                  00015544    00000088     lights.o (.text.lights_init)
                  000155cc    00000088     multi_purpose_button.o (.text.mpb_processButtonEvt)
                  00015654    00000088     OneLib.a : ll_isr.o (.text)
                  000156dc    00000088     StackWrapper.a : osal_cbtimer.o (.text)
                  00015764    00000084     dashboard_profile.o (.text.Dashboard_AddService)
                  000157e8    00000084     icall.o (.text.ICall_setTimer)
                  0001586c    00000084     rf_multiMode_cc26x2.a : RFCC26X2_multiMode.c.cc26x2.ticlang.o (.text.RF_getInfo)
                  000158f0    00000084     ti_sysbios_config.o (.text._pthread_abstime2ticks)
                  00015974    00000084     led_display.o (.text.led_display_changeDashSpeed)
                  000159f8    00000084     veml6030.o (.text.veml6030_setIntThreshold)
                  00015a7c    00000080     drivers_cc26x2x7.a : AESCTRCC26XX.c.obj (.text.AESCTR_hwiFxn)
                  00015afc    00000080                        : UART2CC26X2.c.obj (.text.UART2Support_dmaStopTx)
                  00015b7c    00000080                        : NVSCC26XX.c.obj (.text.doErase)
                  00015bfc    00000080     multi_purpose_button.o (.text.mpb_processTimerOv)
                  00015c7c    00000004     ti_sysbios_config.o (.text.ClockP_setTimeout)
                  00015c80    00000080     periodic_communication.o (.text.periodic_communication_MCUSamplingRPM)
                  00015d00    00000080     ti_sysbios_config.o (.text.ti_sysbios_family_arm_m3_Hwi_initNVIC)
                  00015d80    00000080     ti_sysbios_config.o (.text.ti_sysbios_gates_GateMutexPri_enter)
                  00015e00    00000080     OneLib.a : ll_ae.o (.text)
                  00015e80    00000080              : ll_common.o (.text)
                  00015f00    00000080              : ll_enc.o (.text)
                  00015f80    0000007e     nvocmp.o (.text.NVOCMP_readHeader)
                  00015ffe    0000007e     libc.a : s_roundf.c.obj (.text.roundf)
                  0001607c    0000007e     OneLib.a : gap_task.o (.text)
                  000160fa    00000002     rom_init.o (.text.MAP_llCoexSetParams)
                  000160fc    0000007c     rf_multiMode_cc26x2.a : RFCC26X2_multiMode.c.cc26x2.ticlang.o (.text.RF_ratDisableChannel)
                  00016178    0000007c     simple_peripheral.o (.text.SimplePeripheral_updatePHYStat)
                  000161f4    0000007c     icall.o (.text.icall_directAPI)
                  00016270    0000007c     ti_sysbios_config.o (.text.ti_sysbios_family_arm_m3_Hwi_postInit)
                  000162ec    0000007c     OneLib.a : ll.o (.text)
                  00016368    0000007c              : ll.o (.text)
                  000163e4    0000007c     StackWrapper.a : gapbondmgr.o (.text)
                  00016460    0000007a     drivers_cc26x2x7.a : AESCTRDRBGXX.c.obj (.text.AESCTRDRBGXX_updateState)
                  000164da    00000002     rom_init.o (.text.MAP_llCoexUpdateCounters)
                  000164dc    00000078     icall.o (.text.ICall_createRemoteTasksAtRuntime)
                  00016554    00000078     drivers_cc26x2x7.a : NVSCC26XX.c.obj (.text.NVSCC26XX_open)
                  000165cc    00000078     rf_multiMode_cc26x2.a : RFCC26X2_multiMode.c.cc26x2.ticlang.o (.text.RF_ratFreeChannel)
                  00016644    00000078     data_analytics.o (.text.data_analytics_getSNVData)
                  000166bc    00000078     ti_sysbios_config.o (.text.ti_sysbios_knl_Task_postInit)
                  00016734    00000078     OneLib.a : l2cap_task.o (.text)
                  000167ac    00000078              : ll_common.o (.text)
                  00016824    00000078     StackWrapper.a : osal_bufmgr.o (.text)
                  0001689c    00000076     OneLib.a : gattservapp.o (.text)
                  00016912    00000076     StackWrapper.a : gap.o (.text)
                  00016988    00000074     drivers_cc26x2x7.a : I2CCC26XX.c.obj (.text.I2C_close)
                  000169fc    00000074     icall.o (.text.ICall_heapInit)
                  00016a70    00000074     icall.o (.text.ICall_sendServiceComplete)
                  00016ae4    00000074     nvocmp.o (.text.NVOCMP_readItemApi)
                  00016b58    00000074     drivers_cc26x2x7.a : PowerCC26X2_calibrateRCOSC_helpers.c.obj (.text.PowerCC26X2_updateSubSecInc)
                  00016bcc    00000074     rf_multiMode_cc26x2.a : RFCC26X2_multiMode.c.cc26x2.ticlang.o (.text.RF_hwiHw)
                  00016c40    00000074     UDHAL.o (.text.UDHAL_init)
                  00016cb4    00000074     data_analytics.o (.text.data2snvBuffer)
                  00016d28    00000074     led_display.o (.text.led_display_ErrorDisplay)
                  00016d9c    00000074     main.o (.text.main)
                  00016e10    00000074     ti_sysbios_config.o (.text.ti_sysbios_knl_Swi_restoreHwi)
                  00016e84    00000074     ti_sysbios_config.o (.text.ti_sysbios_knl_Task_startup)
                  00016ef8    00000074     OneLib.a : gap_linkmgr.o (.text)
                  00016f6c    00000074              : gatt_server.o (.text)
                  00016fe0    00000074              : ll.o (.text)
                  00017054    00000074              : ll_common.o (.text)
                  000170c8    00000074              : ll_common.o (.text)
                  0001713c    00000074              : ll_enc.o (.text)
                  000171b0    00000074     StackWrapper.a : osal_cbtimer.o (.text)
                  00017224    00000070     drivers_cc26x2x7.a : AESCCMCC26XX.c.obj (.text.AESCCM_cleanup)
                  00017294    00000070                        : AESCTRCC26XX.c.obj (.text.AESCTR_construct)
                  00017304    00000070                        : AESECBCC26XX.c.obj (.text.AESECB_construct)
                  00017374    00000070     controller_profile.o (.text.Controller_GetParameter)
                  000173e4    00000070     drivers_cc26x2x7.a : I2CCC26XX.c.obj (.text.I2CSupport_primeTransfer)
                  00017454    00000070     icall_cc2650.o (.text.ICallPlatform_pwrUpdActivityCounter)
                  000174c4    00000070     lights.o (.text.lights_statusChg)
                  00017534    00000070     ti_sysbios_config.o (.text.ti_sysbios_family_arm_m3_Hwi_Instance_init)
                  000175a4    00000070     veml6030.o (.text.veml6030_read)
                  00017614    00000070     OneLib.a : ll_ae.o (.text)
                  00017684    00000070              : ll_enc.o (.text)
                  000176f4    00000070     StackWrapper.a : osal.o (.text)
                  00017764    00000070     libc.a : copy_decompress_lzss.c.obj (.text:decompress:lzss)
                  000177d4    0000006e     libclang_rt.builtins.a : comparedf2.c.obj (.text.__gedf2)
                  00017842    00000002     rom_init.o (.text.MAP_llDmmDynamicFree)
                  00017844    0000006e     libclang_rt.builtins.a : comparedf2.c.obj (.text.__ledf2)
                  000178b2    00000002     rom_init.o (.text.MAP_llDmmSetThreshold)
                  000178b4    0000006e     libclang_rt.builtins.a : truncdfsf2.S.obj (.text.__truncdfsf2)
                  00017922    00000002     rom_init.o (.text.MAP_llHealthUpdate)
                  00017924    0000006c     drivers_cc26x2x7.a : AESECBCC26XX.c.obj (.text.AESECB_hwiFxn)
                  00017990    0000006c     nvocmp.o (.text.NVOCMP_eraseNvApi)
                  000179fc    0000006c     nvocmp.o (.text.NVOCMP_writeItemApi)
                  00017a68    0000006c     rf_multiMode_cc26x2.a : RFCC26X2_multiMode.c.cc26x2.ticlang.o (.text.RF_issueRadioFreeCb)
                  00017ad4    0000006c     drivers_cc26x2x7.a : Random.c.obj (.text.Random_seedAutomatic)
                  00017b40    0000006c     simple_peripheral.o (.text.SimplePeripheral_processParamUpdate)
                  00017bac    0000006c     led_display.o (.text.led_display_changeLightMode)
                  00017c18    0000006c     drivers_cc26x2x7.a : PowerCC26X2.c.obj (.text.oscillatorISR)
                  00017c84    0000006c     ti_sysbios_config.o (.text.ti_sysbios_family_arm_m3_Hwi_dispatchC)
                  00017cf0    0000006c     ti_sysbios_config.o (.text.ti_sysbios_hal_Seconds_getTime)
                  00017d5c    00000004     ti_sysbios_config.o (.text.ClockP_start)
                  00017d60    0000006c     veml6030.o (.text.veml6030_resolution)
                  00017dcc    0000006c     OneLib.a : gap_linkmgr.o (.text)
                  00017e38    0000006c              : gatt_server.o (.text)
                  00017ea4    0000006c              : ll_isr.o (.text)
                  00017f10    0000006c              : ll_scheduler.o (.text)
                  00017f7c    0000006c     StackWrapper.a : osal_cbtimer.o (.text)
                  00017fe8    00000068     devinfoservice.o (.text.DevInfo_SetParameter)
                  00018050    00000068     rf_multiMode_cc26x2.a : RFCC26X2_multiMode.c.cc26x2.ticlang.o (.text.RF_detachOverrides)
                  000180b8    00000068     drivers_cc26x2x7.a : UART2CC26X2.c.obj (.text.UART2Support_dmaStopRx)
                  00018120    00000068     ti_sysbios_config.o (.text.ti_sysbios_knl_Event_post)
                  00018188    00000068     ti_sysbios_config.o (.text.ti_sysbios_knl_Swi_run)
                  000181f0    00000068     OneLib.a : gap_task.o (.text)
                  00018258    00000068              : gattservapp.o (.text)
                  000182c0    00000068              : ll.o (.text)
                  00018328    00000068              : ll_ae.o (.text)
                  00018390    00000068              : ll_common.o (.text)
                  000183f8    00000066     StackWrapper.a : icall_lite_translation.o (.text)
                  0001845e    00000002     rom_init.o (.text.MAP_llMaster_TaskEnd)
                  00018460    00000064     drivers_cc26x2x7.a : AESCCMCC26XX.c.obj (.text.AESCCM_hwiFxn)
                  000184c4    00000064     ALS_control.o (.text.ALS_control_setLight)
                  00018528    00000064     icall.o (.text.ICall_send)
                  0001858c    00000064     driverlib.lib : chipinfo.c.obj (.text.NOROM_ChipInfo_GetChipType)
                  000185f0    00000064                   : osc.c.obj (.text.NOROM_OSCHF_AttemptToSwitchToXosc)
                  00018654    00000064     drivers_cc26x2x7.a : PowerCC26X2_calibrateRCOSC.c.obj (.text.PowerCC26X2_initiateCalibration)
                  000186b8    00000064     rf_multiMode_cc26x2.a : RFCC26X2_multiMode.c.cc26x2.ticlang.o (.text.RF_attachOverrides)
                  0001871c    00000064                           : RFCC26X2_multiMode.c.cc26x2.ticlang.o (.text.RF_dispatchNextEvent)
                  00018780    00000064                           : RFCC26X2_multiMode.c.cc26x2.ticlang.o (.text.RF_hwiCpe0PowerFsm)
                  000187e4    00000064     drivers_cc26x2x7.a : UDMACC26XX.c.obj (.text.UDMACC26XX_open)
                  00018848    00000064     ti_sysbios_config.o (.text.ti_sysbios_gates_GateMutexPri_leave)
                  000188ac    00000064     ti_sysbios_config.o (.text.ti_sysbios_knl_Idle_init)
                  00018910    00000064     ti_sysbios_config.o (.text.ti_sysbios_knl_TaskSupport_buildTaskStack)
                  00018974    00000064     veml6030.o (.text.veml6030_init)
                  000189d8    00000064     OneLib.a : gapgattserver.o (.text)
                  00018a3c    00000064              : gattservapp.o (.text)
                  00018aa0    00000064              : gattservapp.o (.text)
                  00018b04    00000064              : ll_common.o (.text)
                  00018b68    00000064              : ll_isr.o (.text)
                  00018bcc    00000064              : ll_scheduler.o (.text)
                  00018c30    00000062     rf_multiMode_cc26x2.a : RFCC26X2_multiMode.c.cc26x2.ticlang.o (.text.RF_syncCb)
                  00018c92    00000002     rom_init.o (.text.MAP_llPeriodicAdv_PostProcess)
                  00018c94    00000062     libclang_rt.builtins.a : aeabi_dcmp.S.obj (.text.__aeabi_dcmp)
                  00018cf6    00000002     rom_init.o (.text.MAP_llProcessPeriodicScanRxFIFO)
                  00018cf8    00000060     ALS_control.o (.text.ALS_control_init)
                  00018d58    00000060     battery_profile.o (.text.Battery_AddService)
                  00018db8    00000060     drivers_cc26x2x7.a : CryptoResourceCC26XX.c.obj (.text.CryptoResourceCC26XX_constructRTOSObjects)
                  00018e18    00000060     nvocmp.o (.text.NVOCMP_checkItem)
                  00018e78    00000060     nvocmp.o (.text.NVOCMP_verifyCRC)
[...]
200033c4  disconnectImmedConnId                                           
200033c6  llUserConfig_maxPduSize                                         
200033c8  baseTaskID                                                      
200033e0  PKAResourceCC26XX_pollingFlag                                   
200033e4  adc_brake_status                                                
200033e5  adc_convert_status                                              
200033e6  adc_throttle_status                                             
200033e8  bootReady                                                       
200033e9  buzzerStart                                                     
200033ee  howToBoot                                                       
200033f9  node                                                            
200033fa  timer3_count                                                    
200033fb  uartOpenStatus                                                  
200033fc  deviceNameCharProps                                             
200033fd  appearanceCharProps                                             
200033fe  periConnParamCharProps                                          
200033ff  centAddrResCharProps                                            
20003400  centAddrRes                                                     
20003401  resolvablePrivateAddressOnlyCharProps                           
20003402  GATTServApp_gatt_no_service_changed                             
20003404  qosDefaultPriorityConnParameter                                 
20003405  extScanChanMap                                                  
20003406  sizeOfAllExtConnParam                                           
20003407  rfRatHandle                                                     
20003408  smAllowDebugKeysMode                                            
20003409  gapEndAppTaskID                                                 
2000340a  gapAppTaskID                                                    
2000340b  legacyMode                                                      
20003410  gptTaskStack                                                    
20003810  spTaskStack                                                     
20003c10  ti_sysbios_knl_Idle_taskStack                                   
200041d0  mpbTaskStack                                                    
200043d0  potTaskStack                                                    
200045d0  uart2CC26X2Objects                                              
20004740  i2cCC26xxObjects                                                
20004880  rfObject                                                        
20004980  gptimerCC26XXObjects                                            
20004a64  ti_sysbios_family_arm_m3_Hwi_dispatchTable                      
20004b3c  aesctrdrbgXXObjects                                             
20004be0  trngCC26XXObjects                                               
20004c64  gpioCallbackFunctions                                           
20004ce0  gpioUserArgs                                                    
20004d5c  cbTimers                                                        
20004e40  pwmTimerCC26XXObjects                                           
20004ea0  ti_sysbios_knl_ClockSupport_timerStruct                         
20004f00  gptTask                                                         
20004f58  mpbTask                                                         
20004fb0  potTask                                                         
20005008  spTask                                                          
20005060  ti_sysbios_knl_Idle_taskStruct                                  
20005108  CryptoResourceCC26XX_accessSemaphore                            
20005158  CryptoResourceCC26XX_operationSemaphore                         
200051a8  PKAResourceCC26XX_accessSemaphore                               
200051f8  PKAResourceCC26XX_operationSemaphore                            
20005354  nvFptrs                                                         
20005390  CCVArray                                                        
200053c0  ti_sysbios_knl_Swi_readyQs                                      
200053f0  ti_sysbios_knl_Task_readyQs                                     
20005420  NVOCMP_nvHandle                                                 
2000544e  appearance                                                      
20005450  aesecbCC26XXObjects                                             
200054c0  llCteSamples                                                    
20005524  req                                                             
20005544  gapBond_remoteOobData                                           
20005564  gapBond_localOobData                                            
20005584  ecdhCC26X2Objects                                               
200055a4  ti_sysbios_runtime_System_atexitHandlers                        
200055c4  udmaCC26XXObject                                                
20005600  BIOS_heapCallbackObject                                         
2000561c  BIOS_rtsGate                                                    
20005638  CryptoResourceCC26XX_hwi                                        
20005654  DCVArray                                                        
20005670  PKAResourceCC26XX_hwi                                           
2000568c  deviceName                                                      
200056a4  aesccmCC26XXObjects                                             
200056bc  params_buzzer                                                   
200056d4  params_headlight                                                
20005700  BCVArray                                                        
20005714  powerNotifyObj                                                  
20005728  ti_sysbios_hal_Seconds_Module_state                             
2000573c  i2cParams                                                       
2000574c  llCteTest                                                       
20005758  cteAntennaProp                                                  
20005764  llTaskList                                                      
20005770  defaultChannelMap                                               
20005778  secondaryAdvChannelMap                                          
20005780  llRfCmdPreemption                                               
20005790  params_brake                                                    
20005798  params_throttle                                                 
200057a0  RPM_array                                                       
200057a6  throttleADCSamples                                              
200057ac  UDHAL_sysFatalError                                             
200057b1  writeBuffer                                                     
200057d8  ggs_AppCBs                                                      
200057dc  pClientSecCBs                                                   
200057e4  linkDBExtra                                                     
200057e8  BDAddrPerConnHandle                                             
200057ec  llCte                                                           
200057f0  llConnExtParam                                                  
200057f4  extStackSettings                                                
200057f8  rfMode                                                          
200057fc  trngHandle                                                      
20005800  pNextAdvSet                                                     
20005804  llCurrentMappedChan                                             
20005808  drbgHandle                                                      
2000580c  pRpaCfg                                                         
20005810  pRXWindowTask                                                   
20005814  gapBond_lruBondList                                             
20005818  gapBondStateNodeHead                                            
2000581c  osal_syncHandle                                                 
20005820  osal_icallMsg_hook                                              
20005824  osal_qHead                                                      
20005828  osal_max_msecs                                                  
2000582c  osal_tickperiod                                                 
20005830  osal_eventloop_hook                                             
20005834  bm_preReleaseBuffCB                                             
20005840  OSAL_timeSeconds                                                
20005844  timerHead                                                       
2000584c  osal_last_timestamp                                             
20005850  HEAPMGR_SIZE                                                    
20005854  PowerCC26XX_swiKey                                              
20005858  PowerCC26XX_taskKey                                             
2000585c  adcCC26xxObjects                                                
20005860  adcValues                                                       
20005864  adc_brake                                                       
20005868  adc_throttle                                                    
2000586c  co2Saved_g                                                      
20005870  dIQ                                                             
20005874  deltaMileage_dm                                                 
20005878  deltaPowerConsumption_mWh                                       
2000587c  drpm                                                            
20005880  drpmdIQ                                                         
20005884  mpb_timerManager                                                
20005888  ptr_MCUDArray                                                   
2000588c  ptr_adcValues                                                   
20005890  ptr_bat_ADArray                                                 
20005894  ptr_bat_MCUDArray                                               
20005898  ptr_bat_STM32MCPDArray                                          
2000589c  ptr_bat_errorPriority                                           
200058a0  ptr_bat_profileCharVal                                          
200058a4  ptr_buzzer_errorPriority                                        
200058a8  ptr_da_profileCharVal                                           
200058ac  ptr_gpt_advertiseFlag                                           
200058b0  ptr_gpt_opcode                                                  
200058b4  ptr_led_advertiseFlag                                           
200058b8  ptr_led_opcode                                                  
200058bc  ptr_lights_STM32MCPDArray                                       
200058c0  ptr_lights_flagb                                                
200058c4  ptr_lights_profileCharVal                                       
200058c8  ptr_pc_MCUDArray                                                
200058cc  ptr_pot_charVal                                                 
200058d0  ptr_pot_initComplete_flag                                       
200058d4  ptr_pot_powerOn                                                 
200058d8  ptr_pot_profileCharVal                                          
200058dc  ptr_snvWriteFlag                                                
200058e0  ptr_sp_POWER_ON                                                 
200058e4  ptr_sp_profileCharVal                                           
200058e8  pwmBUZduty                                                      
200058ec  pwmHLduty                                                       
200058f0  resetUDDataCounter                                              
200058f4  resolution                                                      
200058f8  sumDeltaMileage_dm                                              
200058fc  sumDeltaPowerConsumed_mWh                                       
20005900  tasksEvents                                                     
20005904  ti_sysbios_family_arm_cc26xx_TimestampProvider_Module_state     
20005908  ti_sysbios_knl_Task_defaultStackHeap                            
2000590c  totalMileage0_dm                                                
20005910  totalMileagePrev_dm                                             
20005914  totalPowerConsumed0_mWh                                         
20005918  totalPowerConsumedPrev_mWh                                      
2000591c  maximumPduSize                                                  
20005920  pwrmgr_attribute                                                
20005922  Hightreshold                                                    
20005924  IQ_input                                                        
20005926  Lowtreshold                                                     
20005928  RPM_prev                                                        
2000592a  RPM_temp                                                        
2000592c  allowableRPM                                                    
2000592e  avgPhaseCurrent_mA                                              
20005930  avgPhaseVoltage_mV                                              
20005932  brakePercent                                                    
20005934  lights_PWMDuty                                                  
20005936  payloadVoltage                                                  
20005938  rawSpeed_100kph                                                 
2000593a  readBuffer                                                      
2000593c  throttlePercent                                                 
2000593e  scanResToDiscard                                                
2000593f  resolvablePrivateAddressOnly                                    
20005940  GATTServApp_att_delayed_req                                     
20005941  hciTaskID                                                       
20005942  hciL2capTaskID                                                  
20005943  hciGapTaskID                                                    
20005944  hciSmpTaskID                                                    
20005945  hciTestTaskID                                                   
20005946  hciVsEvtMask                                                    
20005947  scanReqRpt                                                      
20005948  secondaryAdvChannelMapPopCount                                  
20005949  qosDefaultPriorityAdvParameter                                  
2000594a  maxNumCteDataBufs                                               
2000594b  numActiveAdvSets                                                
2000594c  wlSize                                                          
2000594d  rlSize                                                          
2000594e  decryptResult                                                   
2000594f  llUnhandleNextIntFlag                                           
20005950  smAuthenPairingOnlyMode                                         
20005951  icall_liteTaskId                                                
20005952  gapBond_removeLRUBond                                           
20005953  gapBond_syncRL                                                  
20005954  assertSubcause                                                  
20005955  osal_entity                                                     
20005956  pwrmgr_initialized                                              
20005957  BLE_flash_status                                                
20005958  NVOCMP_size                                                     
20005959  N_data_analytics                                                
2000595a  batteryStatus                                                   
2000595b  battery_bar1_status                                             
2000595c  controller_error_code                                           
2000595d  dashSpeed                                                       
2000595e  debug_shutdown                                                  
2000595f  gAction                                                         
20005960  ledBLESelect_old                                                
20005961  ledBLEStatus                                                    
20005962  ledBatteryStatus                                                
20005963  ledBatteryStatus_old                                            
20005964  ledBrightness                                                   
20005965  ledBrightness_old                                               
20005966  ledLightMode                                                    
20005967  ledLightMode_old                                                
20005968  ledLightStatus                                                  
20005969  ledLightStatus_old                                              
2000596a  ledPower_old                                                    
2000596b  ledSetpower                                                     
2000596c  ledSpeed                                                        
2000596d  ledSpeedMode                                                    
2000596e  ledSpeedModeSelect_old                                          
2000596f  ledSpeed_old                                                    
20005970  ledUnitSelectDash                                               
20005971  ledUnitSelect_old                                               
20005972  led_controlLaw                                                  
20005973  led_controlLaw_ledStatus                                        
20005974  led_controlLaw_old                                              
20005975  led_display_i2cTransferStatus                                   
20005976  led_error_code_old                                              
20005977  led_error_priority                                              
20005978  light_mode                                                      
20005979  light_mode_Index                                                
2000597a  nvsCC26XXObjects                                                
2000597b  pwm_openStatus                                                  
2000597c  speedMode                                                       
2000597d  veml6030_i2cTransferStatus                                      
20005a00  ti_sysbios_family_arm_m3_Hwi_ramVectors                         
20005ad8  heapStart                                                       
20023c00  __stack                                                         
20023c00  heapEnd                                                         
20024000  __STACK_END                                                     
20024000  __STACK_TOP                                                     
20024000  __UNUSED_SRAM_end__                                             
ffffffff  __TI_pprof_out_hndl                                             
ffffffff  __TI_prof_data_size                                             
ffffffff  __TI_prof_data_start                                            
ffffffff  __binit__                                                       
ffffffff  binit                                                           
UNDEFED   ITM_flush                                                       
UNDEFED   ITM_restore                                                     
UNDEFED   __c_args__                                                      
UNDEFED   __mpu_init                                                      

[3227 symbols]
